###############################################################################
#
# IAR ELF Linker V9.10.1.308/W64 for ARM                  24/Jun/2021  17:02:11
# Copyright 2007-2021 IAR Systems AB.
#
#    Output file  =
#        C:\Users\charl\Documents\gitrepos\ELEN509\Final_F303\EWARM\Final_F303\Exe\Final_F303.out
#    Map file     =
#        C:\Users\charl\Documents\gitrepos\ELEN509\Final_F303\EWARM\Final_F303\List\Final_F303.map
#    Command line =
#        -f
#        C:\Users\charl\Documents\gitrepos\ELEN509\Final_F303\EWARM\Final_F303\Exe\Final_F303.out.rsp
#        (C:\Users\charl\Documents\gitrepos\ELEN509\Final_F303\EWARM\Final_F303\Obj\Application\User\Core\Buttons.o
#        C:\Users\charl\Documents\gitrepos\ELEN509\Final_F303\EWARM\Final_F303\Obj\Application\User\Core\Encoder.o
#        C:\Users\charl\Documents\gitrepos\ELEN509\Final_F303\EWARM\Final_F303\Obj\Application\Display\fonts.o
#        C:\Users\charl\Documents\gitrepos\ELEN509\Final_F303\EWARM\Final_F303\Obj\Application\User\Core\main.o
#        C:\Users\charl\Documents\gitrepos\ELEN509\Final_F303\EWARM\Final_F303\Obj\Application\User\Core\MotorController.o
#        C:\Users\charl\Documents\gitrepos\ELEN509\Final_F303\EWARM\Final_F303\Obj\Application\User\Core\Serial.o
#        C:\Users\charl\Documents\gitrepos\ELEN509\Final_F303\EWARM\Final_F303\Obj\Application\Display\ssd1306.o
#        C:\Users\charl\Documents\gitrepos\ELEN509\Final_F303\EWARM\Final_F303\Obj\Application\EWARM\startup_stm32f303x8.o
#        C:\Users\charl\Documents\gitrepos\ELEN509\Final_F303\EWARM\Final_F303\Obj\Drivers\STM32F3xx_HAL_Driver\stm32f3xx_hal.o
#        C:\Users\charl\Documents\gitrepos\ELEN509\Final_F303\EWARM\Final_F303\Obj\Drivers\STM32F3xx_HAL_Driver\stm32f3xx_hal_adc.o
#        C:\Users\charl\Documents\gitrepos\ELEN509\Final_F303\EWARM\Final_F303\Obj\Drivers\STM32F3xx_HAL_Driver\stm32f3xx_hal_adc_ex.o
#        C:\Users\charl\Documents\gitrepos\ELEN509\Final_F303\EWARM\Final_F303\Obj\Drivers\STM32F3xx_HAL_Driver\stm32f3xx_hal_cortex.o
#        C:\Users\charl\Documents\gitrepos\ELEN509\Final_F303\EWARM\Final_F303\Obj\Drivers\STM32F3xx_HAL_Driver\stm32f3xx_hal_dma.o
#        C:\Users\charl\Documents\gitrepos\ELEN509\Final_F303\EWARM\Final_F303\Obj\Drivers\STM32F3xx_HAL_Driver\stm32f3xx_hal_exti.o
#        C:\Users\charl\Documents\gitrepos\ELEN509\Final_F303\EWARM\Final_F303\Obj\Drivers\STM32F3xx_HAL_Driver\stm32f3xx_hal_flash.o
#        C:\Users\charl\Documents\gitrepos\ELEN509\Final_F303\EWARM\Final_F303\Obj\Drivers\STM32F3xx_HAL_Driver\stm32f3xx_hal_flash_ex.o
#        C:\Users\charl\Documents\gitrepos\ELEN509\Final_F303\EWARM\Final_F303\Obj\Drivers\STM32F3xx_HAL_Driver\stm32f3xx_hal_gpio.o
#        C:\Users\charl\Documents\gitrepos\ELEN509\Final_F303\EWARM\Final_F303\Obj\Drivers\STM32F3xx_HAL_Driver\stm32f3xx_hal_i2c.o
#        C:\Users\charl\Documents\gitrepos\ELEN509\Final_F303\EWARM\Final_F303\Obj\Drivers\STM32F3xx_HAL_Driver\stm32f3xx_hal_i2c_ex.o
#        C:\Users\charl\Documents\gitrepos\ELEN509\Final_F303\EWARM\Final_F303\Obj\Application\User\Core\stm32f3xx_hal_msp.o
#        C:\Users\charl\Documents\gitrepos\ELEN509\Final_F303\EWARM\Final_F303\Obj\Drivers\STM32F3xx_HAL_Driver\stm32f3xx_hal_pwr.o
#        C:\Users\charl\Documents\gitrepos\ELEN509\Final_F303\EWARM\Final_F303\Obj\Drivers\STM32F3xx_HAL_Driver\stm32f3xx_hal_pwr_ex.o
#        C:\Users\charl\Documents\gitrepos\ELEN509\Final_F303\EWARM\Final_F303\Obj\Drivers\STM32F3xx_HAL_Driver\stm32f3xx_hal_rcc.o
#        C:\Users\charl\Documents\gitrepos\ELEN509\Final_F303\EWARM\Final_F303\Obj\Drivers\STM32F3xx_HAL_Driver\stm32f3xx_hal_rcc_ex.o
#        C:\Users\charl\Documents\gitrepos\ELEN509\Final_F303\EWARM\Final_F303\Obj\Drivers\STM32F3xx_HAL_Driver\stm32f3xx_hal_tim.o
#        C:\Users\charl\Documents\gitrepos\ELEN509\Final_F303\EWARM\Final_F303\Obj\Drivers\STM32F3xx_HAL_Driver\stm32f3xx_hal_tim_ex.o
#        C:\Users\charl\Documents\gitrepos\ELEN509\Final_F303\EWARM\Final_F303\Obj\Drivers\STM32F3xx_HAL_Driver\stm32f3xx_hal_uart.o
#        C:\Users\charl\Documents\gitrepos\ELEN509\Final_F303\EWARM\Final_F303\Obj\Drivers\STM32F3xx_HAL_Driver\stm32f3xx_hal_uart_ex.o
#        C:\Users\charl\Documents\gitrepos\ELEN509\Final_F303\EWARM\Final_F303\Obj\Application\User\Core\stm32f3xx_it.o
#        C:\Users\charl\Documents\gitrepos\ELEN509\Final_F303\EWARM\Final_F303\Obj\Drivers\CMSIS\system_stm32f3xx.o
#        C:\Users\charl\Documents\gitrepos\ELEN509\Final_F303\EWARM\Final_F303\Obj\Application\Display\ux_manager.o
#        --no_out_extension -o
#        C:\Users\charl\Documents\gitrepos\ELEN509\Final_F303\EWARM\Final_F303\Exe\Final_F303.out
#        --redirect _Printf=_PrintfFullNoMb --redirect _Scanf=_ScanfFullNoMb
#        --map
#        C:\Users\charl\Documents\gitrepos\ELEN509\Final_F303\EWARM\Final_F303\List\Final_F303.map
#        --config
#        C:\Users\charl\Documents\gitrepos\ELEN509\Final_F303\EWARM/stm32f303x8_flash.icf
#        --semihosting --entry __iar_program_start --vfe --text_out locale)
#
###############################################################################

*******************************************************************************
*** RUNTIME MODEL ATTRIBUTES
***

CppFlavor       = *
__SystemLibrary = DLib
__dlib_version  = 6


*******************************************************************************
*** HEAP SELECTION
***

The basic heap was selected because some modules are built with
size limitations (and not runtime checking), and --advanced_heap
was not specified.


*******************************************************************************
*** PLACEMENT SUMMARY
***

"A0":  place at address 0x800'0000 { ro section .intvec };
"P1":  place in [from 0x800'0000 to 0x800'ffff] { ro };
define block CSTACK with size = 1K, alignment = 8 { };
define block HEAP with size = 512, alignment = 8 { };
"P2":  place in [from 0x2000'0000 to 0x2000'2fff] {
          rw, block CSTACK, block HEAP };
initialize by copy { rw };

  Section            Kind         Address    Size  Object
  -------            ----         -------    ----  ------
"A0":                                       0x188
  .intvec            ro code   0x800'0000   0x188  startup_stm32f303x8.o [2]
                             - 0x800'0188   0x188

"P1":                                      0x8b68
  .rodata            const     0x800'0188  0x134c  fonts.o [1]
  .text              ro code   0x800'14d4   0xf32  xprintffull_nomb.o [6]
  .text              ro code   0x800'2406    0x3a  packbits_init_single.o [8]
  .text              ro code   0x800'2440    0x16  strchr.o [8]
  .text              ro code   0x800'2456     0xa  xsprout.o [6]
  .text              ro code   0x800'2460    0x40  xfail_s.o [6]
  .text              ro code   0x800'24a0    0x36  strlen.o [8]
  .rodata            const     0x800'24d6     0x2  xlocale_c.o [6]
  .text              ro code   0x800'24d8    0x58  memchr.o [8]
  .text              ro code   0x800'2530    0xa6  ABImemcpy.o [8]
  .rodata            const     0x800'25d6     0x1  xlocale_c.o [6]
  .text              ro code   0x800'25d8    0x70  frexp.o [7]
  .text              ro code   0x800'2648    0x34  DblCmpLe.o [7]
  .text              ro code   0x800'267c    0x34  DblCmpGe.o [7]
  .text              ro code   0x800'26b0   0x13a  ldexp.o [7]
  .text              ro code   0x800'27ec    0x36  DblToS32.o [7]
  .text              ro code   0x800'2824    0x22  S32ToDbl.o [7]
  .text              ro code   0x800'2848   0x24e  DblAddSub.o [7]
  .text              ro code   0x800'2a98   0x246  DblDiv.o [7]
  .text              ro code   0x800'2ce0    0x22  DblToU32.o [7]
  .text              ro code   0x800'2d04    0x1c  U32ToDbl.o [7]
  .text              ro code   0x800'2d20   0x1aa  DblMul.o [7]
  .text              ro code   0x800'2ecc     0x8  xlocale_c.o [6]
  .text              ro code   0x800'2ed4   0x230  I64DivMod.o [8]
  .text              ro code   0x800'3104     0x6  abort.o [6]
  .text              ro code   0x800'310c     0x2  I64DivZer.o [8]
  .text              ro code   0x800'3110    0x14  exit.o [9]
  .rodata            const     0x800'3124   0xd5c  fonts.o [1]
  .text              ro code   0x800'3e80   0x9e6  stm32f3xx_hal_tim.o [5]
  .text              ro code   0x800'4868   0x348  stm32f3xx_hal_msp.o [3]
  .text              ro code   0x800'4bb0     0x2  stm32f3xx_hal_tim.o [5]
  .text              ro code   0x800'4bb2    0x14  memset.o [8]
  .text              ro code   0x800'4bc8   0x1a4  stm32f3xx_hal_gpio.o [5]
  .text              ro code   0x800'4d6c   0x1dc  stm32f3xx_hal_dma.o [5]
  .text              ro code   0x800'4f48   0x74a  main.o [3]
  .text              ro code   0x800'5694    0x66  ABImemset.o [8]
  .text              ro code   0x800'56fc    0x28  stm32f3xx_hal.o [5]
  .text              ro code   0x800'5724    0xac  Encoder.o [3]
  .text              ro code   0x800'57d0    0x86  MotorController.o [3]
  .text              ro code   0x800'5858   0x7ec  ssd1306.o [1]
  .text              ro code   0x800'6044    0x28  stm32f3xx_hal.o [5]
  .text              ro code   0x800'606c   0x374  ux_manager.o [1]
  .text              ro code   0x800'63e0   0x98c  stm32f3xx_hal_adc_ex.o [5]
  .text              ro code   0x800'6d6c    0x3e  Buttons.o [3]
  .text              ro code   0x800'6dac    0x3a  ABImemset48.o [8]
  .text              ro code   0x800'6de8   0x5f8  stm32f3xx_hal_rcc.o [5]
  .text              ro code   0x800'73e0   0x140  stm32f3xx_hal_rcc_ex.o [5]
  .text              ro code   0x800'7520   0x414  stm32f3xx_hal_i2c.o [5]
  .text              ro code   0x800'7934    0xbe  stm32f3xx_hal_i2c_ex.o [5]
  .text              ro code   0x800'79f4   0x26e  stm32f3xx_hal_tim_ex.o [5]
  .text              ro code   0x800'7c64   0x3ce  stm32f3xx_hal_uart.o [5]
  .text              ro code   0x800'8034   0x108  stm32f3xx_hal_cortex.o [5]
  .text              ro code   0x800'813c    0x4c  stm32f3xx_hal.o [5]
  .text              ro code   0x800'8188     0xc  stm32f3xx_hal.o [5]
  .text              ro code   0x800'8194    0x40  sprintf.o [6]
  .text              ro code   0x800'81d4     0x2  stm32f3xx_hal_adc.o [5]
  .text              ro code   0x800'81d6     0x2  stm32f3xx_hal_adc.o [5]
  .text              ro code   0x800'81d8     0x2  stm32f3xx_hal_adc.o [5]
  .rodata            const     0x800'81dc   0x76c  fonts.o [1]
  .text              ro code   0x800'8948    0xbc  stm32f3xx_it.o [3]
  .text              ro code   0x800'8a04    0x18  stm32f3xx_hal.o [5]
  .text              ro code   0x800'8a1c    0x38  zero_init3.o [8]
  .text              ro code   0x800'8a54    0x28  data_init.o [8]
  .text              ro code   0x800'8a7c    0x22  fpinit_M.o [7]
  .iar.init_table    const     0x800'8aa0    0x20  - Linker created -
  .text              ro code   0x800'8ac0    0x1e  cmain.o [8]
  .text              ro code   0x800'8ade     0x4  low_level_init.o [6]
  .text              ro code   0x800'8ae2     0x4  exit.o [6]
  .text              ro code   0x800'8ae8     0xa  cexit.o [8]
  .text              ro code   0x800'8af4    0x1c  cstartup_M.o [8]
  .text              ro code   0x800'8b10    0x14  system_stm32f3xx.o [4]
  .rodata            const     0x800'8b24    0x10  main.o [3]
  .rodata            const     0x800'8b34    0x10  stm32f3xx_hal_rcc.o [5]
  .rodata            const     0x800'8b44    0x10  stm32f3xx_hal_rcc.o [5]
  .rodata            const     0x800'8b54    0x10  system_stm32f3xx.o [4]
  .rodata            const     0x800'8b64    0x10  ux_manager.o [1]
  .rodata            const     0x800'8b74    0x10  ux_manager.o [1]
  .text              ro code   0x800'8b84    0x10  startup_stm32f303x8.o [2]
  .rodata            const     0x800'8b94     0x8  main.o [3]
  .rodata            const     0x800'8b9c     0x8  system_stm32f3xx.o [4]
  .text              ro code   0x800'8ba4     0x4  startup_stm32f303x8.o [2]
  .text              ro code   0x800'8ba8     0x4  startup_stm32f303x8.o [2]
  .text              ro code   0x800'8bac     0x4  startup_stm32f303x8.o [2]
  .text              ro code   0x800'8bb0     0x4  startup_stm32f303x8.o [2]
  .text              ro code   0x800'8bb4     0x4  startup_stm32f303x8.o [2]
  .text              ro code   0x800'8bb8     0x4  startup_stm32f303x8.o [2]
  .text              ro code   0x800'8bbc     0x4  startup_stm32f303x8.o [2]
  .text              ro code   0x800'8bc0     0x4  startup_stm32f303x8.o [2]
  .text              ro code   0x800'8bc4     0x4  startup_stm32f303x8.o [2]
  .text              ro code   0x800'8bc8     0x4  startup_stm32f303x8.o [2]
  .text              ro code   0x800'8bcc     0x4  startup_stm32f303x8.o [2]
  .text              ro code   0x800'8bd0     0x4  startup_stm32f303x8.o [2]
  .text              ro code   0x800'8bd4     0x4  startup_stm32f303x8.o [2]
  .text              ro code   0x800'8bd8     0x4  startup_stm32f303x8.o [2]
  .text              ro code   0x800'8bdc     0x4  startup_stm32f303x8.o [2]
  .text              ro code   0x800'8be0     0x4  startup_stm32f303x8.o [2]
  .text              ro code   0x800'8be4     0x4  startup_stm32f303x8.o [2]
  .text              ro code   0x800'8be8     0x4  startup_stm32f303x8.o [2]
  .text              ro code   0x800'8bec     0x4  startup_stm32f303x8.o [2]
  .text              ro code   0x800'8bf0     0x4  startup_stm32f303x8.o [2]
  .text              ro code   0x800'8bf4     0x4  startup_stm32f303x8.o [2]
  .text              ro code   0x800'8bf8     0x4  startup_stm32f303x8.o [2]
  .text              ro code   0x800'8bfc     0x4  startup_stm32f303x8.o [2]
  .text              ro code   0x800'8c00     0x4  startup_stm32f303x8.o [2]
  .text              ro code   0x800'8c04     0x4  startup_stm32f303x8.o [2]
  .text              ro code   0x800'8c08     0x4  startup_stm32f303x8.o [2]
  .text              ro code   0x800'8c0c     0x4  startup_stm32f303x8.o [2]
  .text              ro code   0x800'8c10     0x4  startup_stm32f303x8.o [2]
  .text              ro code   0x800'8c14     0x4  startup_stm32f303x8.o [2]
  .text              ro code   0x800'8c18     0x4  startup_stm32f303x8.o [2]
  .text              ro code   0x800'8c1c     0x4  startup_stm32f303x8.o [2]
  .text              ro code   0x800'8c20     0x4  startup_stm32f303x8.o [2]
  .text              ro code   0x800'8c24     0x4  startup_stm32f303x8.o [2]
  .text              ro code   0x800'8c28     0x4  startup_stm32f303x8.o [2]
  .text              ro code   0x800'8c2c     0x4  startup_stm32f303x8.o [2]
  .text              ro code   0x800'8c30     0x4  startup_stm32f303x8.o [2]
  .text              ro code   0x800'8c34     0x4  startup_stm32f303x8.o [2]
  .text              ro code   0x800'8c38     0x4  startup_stm32f303x8.o [2]
  .text              ro code   0x800'8c3c     0x4  startup_stm32f303x8.o [2]
  .text              ro code   0x800'8c40     0x4  startup_stm32f303x8.o [2]
  .text              ro code   0x800'8c44     0x4  startup_stm32f303x8.o [2]
  .text              ro code   0x800'8c48     0x4  startup_stm32f303x8.o [2]
  .rodata            const     0x800'8c4c     0x0  zero_init3.o [8]
  .rodata            const     0x800'8c4c     0x0  packbits_init_single.o [8]
  Initializer bytes  const     0x800'8c4c    0xa4  <for P2-1>
                             - 0x800'8cf0  0x8b68

"P2", part 1 of 3:                           0xd5
  P2-1                        0x2000'0000    0xd5  <Init block>
    .data            inited   0x2000'0000     0x8  fonts.o [1]
    .data            inited   0x2000'0008     0x8  fonts.o [1]
    .data            inited   0x2000'0010     0x8  fonts.o [1]
    .data            inited   0x2000'0018     0x4  stm32f3xx_hal.o [5]
    .data            inited   0x2000'001c     0x4  system_stm32f3xx.o [4]
    .data            inited   0x2000'0020    0x14  ux_manager.o [1]
    .data            inited   0x2000'0034    0x14  ux_manager.o [1]
    .data            inited   0x2000'0048    0x4c  ux_manager.o [1]
    .data            inited   0x2000'0094    0x38  xlocale_c.o [6]
    .data            inited   0x2000'00cc     0x2  stm32f3xx_it.o [3]
    .data            inited   0x2000'00ce     0x2  stm32f3xx_it.o [3]
    .data            inited   0x2000'00d0     0x2  stm32f3xx_it.o [3]
    .data            inited   0x2000'00d2     0x2  stm32f3xx_it.o [3]
    .data            inited   0x2000'00d4     0x1  stm32f3xx_hal.o [5]
                            - 0x2000'00d5    0xd5

"P2", part 2 of 3:                          0x6c4
  .bss               zero     0x2000'00d8   0x400  ssd1306.o [1]
  .bss               zero     0x2000'04d8    0x84  main.o [3]
  .bss               zero     0x2000'055c    0x50  main.o [3]
  .bss               zero     0x2000'05ac    0x4c  main.o [3]
  .bss               zero     0x2000'05f8    0x4c  main.o [3]
  .bss               zero     0x2000'0644    0x4c  main.o [3]
  .bss               zero     0x2000'0690    0x4c  main.o [3]
  .bss               zero     0x2000'06dc    0x4c  main.o [3]
  .bss               zero     0x2000'0728    0x44  main.o [3]
  .bss               zero     0x2000'076c    0x10  main.o [3]
  .bss               zero     0x2000'077c     0x8  ssd1306.o [1]
  .bss               zero     0x2000'0784     0x4  main.o [3]
  .bss               zero     0x2000'0788     0x4  stm32f3xx_hal.o [5]
  .bss               zero     0x2000'078c     0x4  xfail_s.o [6]
  .bss               zero     0x2000'0790     0x1  main.o [3]
  .bss               zero     0x2000'0791     0x1  main.o [3]
  .bss               zero     0x2000'0792     0x1  main.o [3]
  .bss               zero     0x2000'0793     0x1  main.o [3]
  .bss               zero     0x2000'0794     0x1  main.o [3]
  .bss               zero     0x2000'0795     0x1  main.o [3]
  .bss               zero     0x2000'0796     0x1  stm32f3xx_it.o [3]
  .bss               zero     0x2000'0797     0x1  stm32f3xx_it.o [3]
  .bss               zero     0x2000'0798     0x1  stm32f3xx_it.o [3]
  .bss               zero     0x2000'0799     0x1  stm32f3xx_it.o [3]
  .bss               zero     0x2000'079a     0x1  ux_manager.o [1]
  .bss               zero     0x2000'079b     0x1  ux_manager.o [1]
                            - 0x2000'079c   0x6c4

"P2", part 3 of 3:                          0x400
  CSTACK                      0x2000'07a0   0x400  <Block>
    CSTACK           uninit   0x2000'07a0   0x400  <Block tail>
                            - 0x2000'0ba0   0x400

Unused ranges:

         From           To    Size
         ----           --    ----
   0x800'8cf0   0x800'ffff  0x7310
  0x2000'00d5  0x2000'00d7     0x3
  0x2000'079c  0x2000'079f     0x4
  0x2000'0ba0  0x2000'2fff  0x2460


*******************************************************************************
*** INIT TABLE
***

          Address      Size
          -------      ----
Zero (__iar_zero_init3)
    1 destination range, total size 0x6c4:
          0x2000'00d8  0x6c4

Copy/packbits (__iar_packbits_init_single3)
    1 source range, total size 0xa4 (76% of destination):
           0x800'8c4c   0xa4
    1 destination range, total size 0xd5:
          0x2000'0000   0xd5



*******************************************************************************
*** MODULE SUMMARY
***

    Module                  ro code  ro data  rw data
    ------                  -------  -------  -------
command line/config:
    -------------------------------------------------
    Total:

C:\Users\charl\Documents\gitrepos\ELEN509\Final_F303\EWARM\Final_F303\Obj\Application\Display: [1]
    fonts.o                           10'278       24
    ssd1306.o                 2'028             1'032
    ux_manager.o                884      121      118
    -------------------------------------------------
    Total:                    2'912   10'399    1'174

C:\Users\charl\Documents\gitrepos\ELEN509\Final_F303\EWARM\Final_F303\Obj\Application\EWARM: [2]
    startup_stm32f303x8.o       576
    -------------------------------------------------
    Total:                      576

C:\Users\charl\Documents\gitrepos\ELEN509\Final_F303\EWARM\Final_F303\Obj\Application\User\Core: [3]
    Buttons.o                    62
    Encoder.o                   172
    MotorController.o           134
    main.o                    1'866       24      686
    stm32f3xx_hal_msp.o         840
    stm32f3xx_it.o              188        6       12
    -------------------------------------------------
    Total:                    3'262       30      698

C:\Users\charl\Documents\gitrepos\ELEN509\Final_F303\EWARM\Final_F303\Obj\Drivers\CMSIS: [4]
    system_stm32f3xx.o           20       27        4
    -------------------------------------------------
    Total:                       20       27        4

C:\Users\charl\Documents\gitrepos\ELEN509\Final_F303\EWARM\Final_F303\Obj\Drivers\STM32F3xx_HAL_Driver: [5]
    stm32f3xx_hal.o             192        4        9
    stm32f3xx_hal_adc.o           6
    stm32f3xx_hal_adc_ex.o    2'444
    stm32f3xx_hal_cortex.o      264
    stm32f3xx_hal_dma.o         476
    stm32f3xx_hal_gpio.o        420
    stm32f3xx_hal_i2c.o       1'044
    stm32f3xx_hal_i2c_ex.o      190
    stm32f3xx_hal_rcc.o       1'528       32
    stm32f3xx_hal_rcc_ex.o      320
    stm32f3xx_hal_tim.o       2'536
    stm32f3xx_hal_tim_ex.o      622
    stm32f3xx_hal_uart.o        974
    -------------------------------------------------
    Total:                   11'016       36        9

dl7M_tlf.a: [6]
    abort.o                       6
    exit.o                        4
    low_level_init.o              4
    sprintf.o                    64
    xfail_s.o                    64                 4
    xlocale_c.o                   8       47       56
    xprintffull_nomb.o        3'890
    xsprout.o                    10
    -------------------------------------------------
    Total:                    4'050       47       60

m7M_tls.a: [7]
    DblAddSub.o                 590
    DblCmpGe.o                   52
    DblCmpLe.o                   52
    DblDiv.o                    582
    DblMul.o                    426
    DblToS32.o                   54
    DblToU32.o                   34
    S32ToDbl.o                   34
    U32ToDbl.o                   28
    fpinit_M.o                   34
    frexp.o                     112
    ldexp.o                     314
    -------------------------------------------------
    Total:                    2'312

rt7M_tl.a: [8]
    ABImemcpy.o                 166
    ABImemset.o                 102
    ABImemset48.o                58
    I64DivMod.o                 560
    I64DivZer.o                   2
    cexit.o                      10
    cmain.o                      30
    cstartup_M.o                 28
    data_init.o                  40
    memchr.o                     88
    memset.o                     20
    packbits_init_single.o       58
    strchr.o                     22
    strlen.o                     54
    zero_init3.o                 56
    -------------------------------------------------
    Total:                    1'294

shb_l.a: [9]
    exit.o                       20
    -------------------------------------------------
    Total:                       20

    Gaps                         43        4
    Linker created                        32    1'024
-----------------------------------------------------
    Grand Total:             25'505   10'575    2'969


*******************************************************************************
*** ENTRY LIST
***

Entry                       Address    Size  Type      Object
-----                       -------    ----  ----      ------
.iar.init_table$$Base    0x800'8aa0           --   Gb  - Linker created -
.iar.init_table$$Limit   0x800'8ac0           --   Gb  - Linker created -
?main                    0x800'8ac1          Code  Gb  cmain.o [8]
ADC_DMAConvCplt          0x800'6bf7    0x44  Code  Lc  stm32f3xx_hal_adc_ex.o [5]
ADC_DMAError             0x800'6c41    0x16  Code  Lc  stm32f3xx_hal_adc_ex.o [5]
ADC_DMAHalfConvCplt      0x800'6c3b     0x6  Code  Lc  stm32f3xx_hal_adc_ex.o [5]
ADC_Disable              0x800'6cd3    0x82  Code  Lc  stm32f3xx_hal_adc_ex.o [5]
ADC_Enable               0x800'6c57    0x7c  Code  Lc  stm32f3xx_hal_adc_ex.o [5]
AHBPrescTable            0x800'8b54    0x10  Data  Gb  system_stm32f3xx.o [4]
APBPrescTable            0x800'8b9c     0x8  Data  Gb  system_stm32f3xx.o [4]
BusFault_Handler         0x800'894f     0x2  Code  Gb  stm32f3xx_it.o [3]
CSTACK$$Base            0x2000'07a0           --   Gb  - Linker created -
CSTACK$$Limit           0x2000'0ba0           --   Gb  - Linker created -
DMA1_Channel1_IRQHandler
                         0x800'89db     0x6  Code  Gb  stm32f3xx_it.o [3]
DMA_CalcBaseAndBitshift
                         0x800'4f29    0x16  Code  Lc  stm32f3xx_hal_dma.o [5]
DMA_SetConfig            0x800'4eff    0x2a  Code  Lc  stm32f3xx_hal_dma.o [5]
DebugMon_Handler         0x800'8955     0x2  Code  Gb  stm32f3xx_it.o [3]
ENC_Init                 0x800'5725    0x22  Code  Gb  Encoder.o [3]
ENC_Update               0x800'5747    0x84  Code  Gb  Encoder.o [3]
Error_Handler            0x800'568f     0x4  Code  Gb  main.o [3]
Font11x18                0x800'3124   0xd5c  Data  Gb  fonts.o [1]
Font16x26                0x800'0188  0x134c  Data  Gb  fonts.o [1]
Font7x10                 0x800'81dc   0x76c  Data  Gb  fonts.o [1]
Font_11x18              0x2000'0008     0x8  Data  Gb  fonts.o [1]
Font_16x26              0x2000'0010     0x8  Data  Gb  fonts.o [1]
Font_7x10               0x2000'0000     0x8  Data  Gb  fonts.o [1]
HAL_ADCEx_MultiModeConfigChannel
                         0x800'6af5   0x102  Code  Gb  stm32f3xx_hal_adc_ex.o [5]
HAL_ADC_ConfigChannel    0x800'6751   0x39c  Code  Gb  stm32f3xx_hal_adc_ex.o [5]
HAL_ADC_ConvCpltCallback
                         0x800'81d5     0x2  Code  Gb  stm32f3xx_hal_adc.o [5]
HAL_ADC_ConvHalfCpltCallback
                         0x800'81d7     0x2  Code  Gb  stm32f3xx_hal_adc.o [5]
HAL_ADC_ErrorCallback    0x800'81d9     0x2  Code  Gb  stm32f3xx_hal_adc.o [5]
HAL_ADC_Init             0x800'63e1   0x20e  Code  Gb  stm32f3xx_hal_adc_ex.o [5]
HAL_ADC_MspInit          0x800'48a7    0xa4  Code  Gb  stm32f3xx_hal_msp.o [3]
HAL_ADC_Start_DMA        0x800'65ef   0x136  Code  Gb  stm32f3xx_hal_adc_ex.o [5]
HAL_DMA_IRQHandler       0x800'4e3b    0xc2  Code  Gb  stm32f3xx_hal_dma.o [5]
HAL_DMA_Init             0x800'4d6d    0x50  Code  Gb  stm32f3xx_hal_dma.o [5]
HAL_DMA_Start_IT         0x800'4dbd    0x7e  Code  Gb  stm32f3xx_hal_dma.o [5]
HAL_Delay                0x800'6045    0x28  Code  Gb  stm32f3xx_hal.o [5]
HAL_GPIO_Init            0x800'4bc9   0x170  Code  Gb  stm32f3xx_hal_gpio.o [5]
HAL_GPIO_ReadPin         0x800'4d39    0x10  Code  Gb  stm32f3xx_hal_gpio.o [5]
HAL_GetTick              0x800'8189     0xc  Code  Gb  stm32f3xx_hal.o [5]
HAL_I2CEx_ConfigAnalogFilter
                         0x800'7935    0x62  Code  Gb  stm32f3xx_hal_i2c_ex.o [5]
HAL_I2CEx_ConfigDigitalFilter
                         0x800'7997    0x5c  Code  Gb  stm32f3xx_hal_i2c_ex.o [5]
HAL_I2C_Init             0x800'7521    0xc4  Code  Gb  stm32f3xx_hal_i2c.o [5]
HAL_I2C_Master_Transmit
                         0x800'75e5   0x166  Code  Gb  stm32f3xx_hal_i2c.o [5]
HAL_I2C_MspInit          0x800'494b    0x68  Code  Gb  stm32f3xx_hal_msp.o [3]
HAL_IncTick              0x800'8a05    0x18  Code  Gb  stm32f3xx_hal.o [5]
HAL_Init                 0x800'56fd    0x22  Code  Gb  stm32f3xx_hal.o [5]
HAL_InitTick             0x800'813d    0x4c  Code  Gb  stm32f3xx_hal.o [5]
HAL_MspInit              0x800'4869    0x3e  Code  Gb  stm32f3xx_hal_msp.o [3]
HAL_NVIC_EnableIRQ       0x800'8119     0x2  Code  Gb  stm32f3xx_hal_cortex.o [5]
HAL_NVIC_SetPriority     0x800'80fb    0x1e  Code  Gb  stm32f3xx_hal_cortex.o [5]
HAL_NVIC_SetPriorityGrouping
                         0x800'80f9     0x2  Code  Gb  stm32f3xx_hal_cortex.o [5]
HAL_RCCEx_PeriphCLKConfig
                         0x800'73e1   0x126  Code  Gb  stm32f3xx_hal_rcc_ex.o [5]
HAL_RCC_ClockConfig      0x800'7207   0x124  Code  Gb  stm32f3xx_hal_rcc.o [5]
HAL_RCC_GetHCLKFreq      0x800'7363     0x6  Code  Gb  stm32f3xx_hal_rcc.o [5]
HAL_RCC_GetPCLK1Freq     0x800'7369    0x16  Code  Gb  stm32f3xx_hal_rcc.o [5]
HAL_RCC_GetPCLK2Freq     0x800'737f    0x16  Code  Gb  stm32f3xx_hal_rcc.o [5]
HAL_RCC_GetSysClockFreq
                         0x800'732b    0x38  Code  Gb  stm32f3xx_hal_rcc.o [5]
HAL_RCC_OscConfig        0x800'6de9   0x41e  Code  Gb  stm32f3xx_hal_rcc.o [5]
HAL_SYSTICK_Config       0x800'811b     0x2  Code  Gb  stm32f3xx_hal_cortex.o [5]
HAL_TIMEx_ConfigBreakDeadTime
                         0x800'7baf    0x82  Code  Gb  stm32f3xx_hal_tim_ex.o [5]
HAL_TIMEx_MasterConfigSynchronization
                         0x800'7b3d    0x72  Code  Gb  stm32f3xx_hal_tim_ex.o [5]
HAL_TIMEx_PWMN_Start     0x800'79f5    0xb2  Code  Gb  stm32f3xx_hal_tim_ex.o [5]
HAL_TIMEx_PWMN_Stop      0x800'7aa7    0x84  Code  Gb  stm32f3xx_hal_tim_ex.o [5]
HAL_TIM_Base_Init        0x800'3e81    0x62  Code  Gb  stm32f3xx_hal_tim.o [5]
HAL_TIM_Base_MspInit     0x800'49b3    0x48  Code  Gb  stm32f3xx_hal_msp.o [3]
HAL_TIM_ConfigClockSource
                         0x800'4315    0xda  Code  Gb  stm32f3xx_hal_tim.o [5]
HAL_TIM_Encoder_Init     0x800'3fa7    0xae  Code  Gb  stm32f3xx_hal_tim.o [5]
HAL_TIM_Encoder_MspInit
                         0x800'4a65    0x66  Code  Gb  stm32f3xx_hal_msp.o [3]
HAL_TIM_Encoder_Start    0x800'4055    0xb0  Code  Gb  stm32f3xx_hal_tim.o [5]
HAL_TIM_IC_ConfigChannel
                         0x800'410d    0xbe  Code  Gb  stm32f3xx_hal_tim.o [5]
HAL_TIM_IC_Init          0x800'3f45    0x62  Code  Gb  stm32f3xx_hal_tim.o [5]
HAL_TIM_IC_MspInit       0x800'49fb    0x6a  Code  Gb  stm32f3xx_hal_msp.o [3]
HAL_TIM_MspPostInit      0x800'4acb    0x4e  Code  Gb  stm32f3xx_hal_msp.o [3]
HAL_TIM_PWM_ConfigChannel
                         0x800'41cb   0x146  Code  Gb  stm32f3xx_hal_tim.o [5]
HAL_TIM_PWM_Init         0x800'3ee3    0x62  Code  Gb  stm32f3xx_hal_tim.o [5]
HAL_TIM_PWM_MspInit      0x800'4bb1     0x2  Code  Gb  stm32f3xx_hal_tim.o [5]
HAL_UART_Init            0x800'7c65    0x70  Code  Gb  stm32f3xx_hal_uart.o [5]
HAL_UART_MspInit         0x800'4b19    0x6a  Code  Gb  stm32f3xx_hal_msp.o [3]
HardFault_Handler        0x800'894b     0x2  Code  Gb  stm32f3xx_it.o [3]
I2C_Flush_TXDR           0x800'7755    0x24  Code  Lc  stm32f3xx_hal_i2c.o [5]
I2C_IsAcknowledgeFailed
                         0x800'787f    0x86  Code  Lc  stm32f3xx_hal_i2c.o [5]
I2C_TransferConfig       0x800'7905    0x26  Code  Lc  stm32f3xx_hal_i2c.o [5]
I2C_WaitOnFlagUntilTimeout
                         0x800'7779    0x5e  Code  Lc  stm32f3xx_hal_i2c.o [5]
I2C_WaitOnSTOPFlagUntilTimeout
                         0x800'782d    0x52  Code  Lc  stm32f3xx_hal_i2c.o [5]
I2C_WaitOnTXISFlagUntilTimeout
                         0x800'77d7    0x56  Code  Lc  stm32f3xx_hal_i2c.o [5]
MX_ADC1_Init             0x800'51c9    0x98  Code  Lc  main.o [3]
MX_DMA_Init              0x800'5539    0x2e  Code  Lc  main.o [3]
MX_GPIO_Init             0x800'5567    0x98  Code  Lc  main.o [3]
MX_I2C1_Init             0x800'5261    0x5c  Code  Lc  main.o [3]
MX_TIM1_Init             0x800'52bd   0x106  Code  Lc  main.o [3]
MX_TIM2_Init             0x800'53c3    0x7a  Code  Lc  main.o [3]
MX_TIM3_Init             0x800'543d    0x7e  Code  Lc  main.o [3]
MX_TIM6_Init             0x800'54bb    0x48  Code  Lc  main.o [3]
MX_USART2_UART_Init      0x800'5503    0x36  Code  Lc  main.o [3]
MemManage_Handler        0x800'894d     0x2  Code  Gb  stm32f3xx_it.o [3]
NMI_Handler              0x800'8949     0x2  Code  Gb  stm32f3xx_it.o [3]
NVIC_EncodePriority      0x800'808d    0x38  Code  Lc  stm32f3xx_hal_cortex.o [5]
PendSV_Handler           0x800'8957     0x2  Code  Gb  stm32f3xx_it.o [3]
ProcessKeyCodeInContext
                         0x800'60f5    0xf0  Code  Gb  ux_manager.o [1]
Region$$Table$$Base      0x800'8aa0           --   Gb  - Linker created -
Region$$Table$$Limit     0x800'8ac0           --   Gb  - Linker created -
SSD1306                 0x2000'077c     0x8  Data  Lc  ssd1306.o [1]
SSD1306_Buffer          0x2000'00d8   0x400  Data  Lc  ssd1306.o [1]
SSD1306_Clear            0x800'5fd7     0xe  Code  Gb  ssd1306.o [1]
SSD1306_DrawCircle       0x800'5dc3   0x104  Code  Gb  ssd1306.o [1]
SSD1306_DrawFilledCircle
                         0x800'5ec7   0x110  Code  Gb  ssd1306.o [1]
SSD1306_DrawFilledRectangle
                         0x800'5d59    0x6a  Code  Gb  ssd1306.o [1]
SSD1306_DrawLine         0x800'5b63   0x16c  Code  Gb  ssd1306.o [1]
SSD1306_DrawPixel        0x800'5a01    0x86  Code  Gb  ssd1306.o [1]
SSD1306_DrawRectangle    0x800'5ccf    0x8a  Code  Gb  ssd1306.o [1]
SSD1306_Fill             0x800'59eb    0x16  Code  Gb  ssd1306.o [1]
SSD1306_GotoXY           0x800'5a87     0xc  Code  Gb  ssd1306.o [1]
SSD1306_Init             0x800'5859   0x148  Code  Gb  ssd1306.o [1]
SSD1306_Putc             0x800'5a93    0xac  Code  Gb  ssd1306.o [1]
SSD1306_Puts             0x800'5b3f    0x24  Code  Gb  ssd1306.o [1]
SSD1306_UpdateScreen     0x800'59a1    0x4a  Code  Gb  ssd1306.o [1]
SVC_Handler              0x800'8953     0x2  Code  Gb  stm32f3xx_it.o [3]
ShowGraph                0x800'629f   0x10c  Code  Gb  ux_manager.o [1]
SwitchScreens            0x800'606d    0x88  Code  Gb  ux_manager.o [1]
SysTick_Config           0x800'80c5    0x34  Code  Lc  stm32f3xx_hal_cortex.o [5]
SysTick_Handler          0x800'8959    0x82  Code  Gb  stm32f3xx_it.o [3]
SystemClock_Config       0x800'5133    0x96  Code  Gb  main.o [3]
SystemCoreClock         0x2000'001c     0x4  Data  Gb  system_stm32f3xx.o [4]
SystemInit               0x800'8b11     0xe  Code  Gb  system_stm32f3xx.o [4]
TIM_Base_SetConfig       0x800'43ef    0x92  Code  Gb  stm32f3xx_hal_tim.o [5]
TIM_CCxChannelCmd        0x800'4845    0x22  Code  Gb  stm32f3xx_hal_tim.o [5]
TIM_CCxNChannelCmd       0x800'7c41    0x22  Code  Lc  stm32f3xx_hal_tim_ex.o [5]
TIM_ETR_SetConfig        0x800'482f    0x16  Code  Gb  stm32f3xx_hal_tim.o [5]
TIM_ITRx_SetConfig       0x800'481f    0x10  Code  Lc  stm32f3xx_hal_tim.o [5]
TIM_OC1_SetConfig        0x800'4481    0x80  Code  Lc  stm32f3xx_hal_tim.o [5]
TIM_OC2_SetConfig        0x800'4501    0x68  Code  Gb  stm32f3xx_hal_tim.o [5]
TIM_OC3_SetConfig        0x800'4569    0x66  Code  Lc  stm32f3xx_hal_tim.o [5]
TIM_OC4_SetConfig        0x800'45d1    0x54  Code  Lc  stm32f3xx_hal_tim.o [5]
TIM_OC5_SetConfig        0x800'4625    0x52  Code  Lc  stm32f3xx_hal_tim.o [5]
TIM_OC6_SetConfig        0x800'4679    0x54  Code  Lc  stm32f3xx_hal_tim.o [5]
TIM_TI1_ConfigInputStage
                         0x800'474d    0x24  Code  Lc  stm32f3xx_hal_tim.o [5]
TIM_TI1_SetConfig        0x800'46cd    0x54  Code  Gb  stm32f3xx_hal_tim.o [5]
TIM_TI2_ConfigInputStage
                         0x800'479f    0x26  Code  Lc  stm32f3xx_hal_tim.o [5]
TIM_TI2_SetConfig        0x800'4771    0x2e  Code  Lc  stm32f3xx_hal_tim.o [5]
TIM_TI3_SetConfig        0x800'47c5    0x2c  Code  Lc  stm32f3xx_hal_tim.o [5]
TIM_TI4_SetConfig        0x800'47f1    0x2e  Code  Lc  stm32f3xx_hal_tim.o [5]
UART_AdvFeatureConfig    0x800'7e49    0xda  Code  Gb  stm32f3xx_hal_uart.o [5]
UART_CheckIdleState      0x800'7f23    0x64  Code  Gb  stm32f3xx_hal_uart.o [5]
UART_SetConfig           0x800'7cd5   0x15a  Code  Gb  stm32f3xx_hal_uart.o [5]
UART_WaitOnFlagUntilTimeout
                         0x800'7f87    0xac  Code  Gb  stm32f3xx_hal_uart.o [5]
UpdateScreenValues       0x800'61e5    0xba  Code  Gb  ux_manager.o [1]
UsageFault_Handler       0x800'8951     0x2  Code  Gb  stm32f3xx_it.o [3]
_LitobFullNoMb           0x800'220d   0x10c  Code  Lc  xprintffull_nomb.o [6]
_Locale_lconv           0x2000'0094    0x38  Data  Lc  xlocale_c.o [6]
_PrintfFullNoMb          0x800'14d5   0xd08  Code  Gb  xprintffull_nomb.o [6]
_PutcharFullNoMb         0x800'2371    0x20  Code  Lc  xprintffull_nomb.o [6]
_PutcharsFullNoMb        0x800'2391    0x2e  Code  Lc  xprintffull_nomb.o [6]
_SProut                  0x800'2457     0xa  Code  Gb  xsprout.o [6]
__NVIC_EnableIRQ         0x800'805b    0x16  Code  Lc  stm32f3xx_hal_cortex.o [5]
__NVIC_GetPriorityGrouping
                         0x800'8051     0xa  Code  Lc  stm32f3xx_hal_cortex.o [5]
__NVIC_SetPriority       0x800'8071    0x1c  Code  Lc  stm32f3xx_hal_cortex.o [5]
__NVIC_SetPriorityGrouping
                         0x800'8035    0x1c  Code  Lc  stm32f3xx_hal_cortex.o [5]
__aeabi_cdcmple          0x800'2649          Code  Gb  DblCmpLe.o [7]
__aeabi_cdrcmple         0x800'267d          Code  Gb  DblCmpGe.o [7]
__aeabi_d2iz             0x800'27ed          Code  Gb  DblToS32.o [7]
__aeabi_d2uiz            0x800'2ce1          Code  Gb  DblToU32.o [7]
__aeabi_ddiv             0x800'2a99          Code  Gb  DblDiv.o [7]
__aeabi_dmul             0x800'2d21          Code  Gb  DblMul.o [7]
__aeabi_dsub             0x800'29b5          Code  Gb  DblAddSub.o [7]
__aeabi_i2d              0x800'2825          Code  Gb  S32ToDbl.o [7]
__aeabi_ldiv0            0x800'310d          Code  Gb  I64DivZer.o [8]
__aeabi_memcpy           0x800'2531          Code  Gb  ABImemcpy.o [8]
__aeabi_memcpy4          0x800'2551          Code  Gb  ABImemcpy.o [8]
__aeabi_memcpy8          0x800'2551          Code  Gb  ABImemcpy.o [8]
__aeabi_memset           0x800'5695          Code  Gb  ABImemset.o [8]
__aeabi_memset4          0x800'6dad          Code  Gb  ABImemset48.o [8]
__aeabi_memset8          0x800'6dad          Code  Gb  ABImemset48.o [8]
__aeabi_ui2d             0x800'2d05          Code  Gb  U32ToDbl.o [7]
__aeabi_uldivmod         0x800'2ed5          Code  Gb  I64DivMod.o [8]
__cmain                  0x800'8ac1          Code  Gb  cmain.o [8]
__exit                   0x800'3111    0x14  Code  Gb  exit.o [9]
__iar_Fail_s             0x800'2461    0x1c  Code  Gb  xfail_s.o [6]
__iar_Memchr             0x800'24d9          Code  Gb  memchr.o [8]
__iar_Memset             0x800'5695          Code  Gb  ABImemset.o [8]
__iar_Memset4_word       0x800'6db5          Code  Gb  ABImemset48.o [8]
__iar_Memset8_word       0x800'6db5          Code  Gb  ABImemset48.o [8]
__iar_Memset_word        0x800'569d          Code  Gb  ABImemset.o [8]
__iar_Strchr             0x800'2441          Code  Gb  strchr.o [8]
__iar_data_init3         0x800'8a55    0x28  Code  Gb  data_init.o [8]
__iar_frexp              0x800'25e5          Code  Gb  frexp.o [7]
__iar_frexpl             0x800'25e5          Code  Gb  frexp.o [7]
__iar_init_vfp           0x800'8a7d          Code  Gb  fpinit_M.o [7]
__iar_ldexp64            0x800'26b1          Code  Gb  ldexp.o [7]
__iar_packbits_init_single3
                         0x800'2407    0x3a  Code  Gb  packbits_init_single.o [8]
__iar_program_start      0x800'8af5          Code  Gb  cstartup_M.o [8]
__iar_scalbln64          0x800'26b1          Code  Gb  ldexp.o [7]
__iar_scalbn64           0x800'26b1          Code  Gb  ldexp.o [7]
__iar_softfp___iar_frexp64
                         0x800'25d9          Code  Gb  frexp.o [7]
__iar_softfp_frexp       0x800'25d9          Code  Gb  frexp.o [7]
__iar_softfp_frexpl      0x800'25d9          Code  Gb  frexp.o [7]
__iar_zero_init3         0x800'8a1d    0x38  Code  Gb  zero_init3.o [8]
__low_level_init         0x800'8adf     0x4  Code  Gb  low_level_init.o [6]
__vector_table           0x800'0000          Data  Gb  startup_stm32f303x8.o [2]
_call_main               0x800'8acd          Code  Gb  cmain.o [8]
_exit                    0x800'8ae9          Code  Gb  cexit.o [8]
aPLLMULFactorTable       0x800'8b34    0x10  Data  Gb  stm32f3xx_hal_rcc.o [5]
aPredivFactorTable       0x800'8b44    0x10  Data  Gb  stm32f3xx_hal_rcc.o [5]
abort                    0x800'3105     0x6  Code  Gb  abort.o [6]
analogIn                0x2000'0784     0x4  Data  Gb  main.o [3]
buttonDebounced         0x2000'0792     0x1  Data  Gb  main.o [3]
buttonProcessed         0x2000'0793     0x1  Data  Gb  main.o [3]
convertMoisture          0x800'5679    0x16  Code  Gb  main.o [3]
currKeyCode             0x2000'0794     0x1  Data  Gb  main.o [3]
currMoisture            0x2000'0795     0x1  Data  Gb  main.o [3]
currentScreen           0x2000'079a     0x1  Data  Gb  ux_manager.o [1]
encoder                 0x2000'076c    0x10  Data  Gb  main.o [3]
exit                     0x800'8ae3     0x4  Code  Gb  exit.o [6]
getKeyCode               0x800'6d6d    0x3e  Code  Gb  Buttons.o [3]
hadc1                   0x2000'055c    0x50  Data  Gb  main.o [3]
hdma_adc1               0x2000'0728    0x44  Data  Gb  main.o [3]
hi2c1                   0x2000'05ac    0x4c  Data  Gb  main.o [3]
htim1                   0x2000'05f8    0x4c  Data  Gb  main.o [3]
htim2                   0x2000'0644    0x4c  Data  Gb  main.o [3]
htim3                   0x2000'0690    0x4c  Data  Gb  main.o [3]
htim6                   0x2000'06dc    0x4c  Data  Gb  main.o [3]
huart2                  0x2000'04d8    0x84  Data  Gb  main.o [3]
hundred_mS_Counter      0x2000'00d0     0x2  Data  Gb  stm32f3xx_it.o [3]
hundred_mS_Flag         0x2000'0798     0x1  Data  Gb  stm32f3xx_it.o [3]
lastScreen              0x2000'079b     0x1  Data  Gb  ux_manager.o [1]
ldexp                    0x800'26b1          Code  Gb  ldexp.o [7]
ldexpl                   0x800'26b1          Code  Gb  ldexp.o [7]
localeconv               0x800'2ecd     0x4  Code  Gb  xlocale_c.o [6]
main                     0x800'4f49   0x1ea  Code  Gb  main.o [3]
memchr                   0x800'24d9          Code  Gb  memchr.o [8]
memset                   0x800'4bb3    0x14  Code  Gb  memset.o [8]
moisture                0x2000'0020    0x14  Data  Gb  ux_manager.o [1]
moisturePlan            0x2000'0048    0x4c  Data  Gb  ux_manager.o [1]
motorInit                0x800'5841    0x16  Code  Gb  MotorController.o [3]
one_S_Counter           0x2000'00d2     0x2  Data  Gb  stm32f3xx_it.o [3]
one_S_Flag              0x2000'0799     0x1  Data  Gb  stm32f3xx_it.o [3]
scalbln                  0x800'26b1          Code  Gb  ldexp.o [7]
scalblnl                 0x800'26b1          Code  Gb  ldexp.o [7]
scalbn                   0x800'26b1          Code  Gb  ldexp.o [7]
scalbnl                  0x800'26b1          Code  Gb  ldexp.o [7]
scale                    0x800'2319    0x46  Code  Lc  xprintffull_nomb.o [6]
sec_hand                0x2000'078c     0x4  Data  Lc  xfail_s.o [6]
setMoisture             0x2000'0034    0x14  Data  Gb  ux_manager.o [1]
setMotorSpeed            0x800'57d1    0x70  Code  Gb  MotorController.o [3]
sprintf                  0x800'8195    0x40  Code  Gb  sprintf.o [6]
ssd1306_I2C_Write        0x800'601b    0x1c  Code  Gb  ssd1306.o [1]
ssd1306_I2C_WriteMulti   0x800'5fe5    0x36  Code  Gb  ssd1306.o [1]
strchr                   0x800'2441          Code  Gb  strchr.o [8]
strlen                   0x800'24a1          Code  Gb  strlen.o [8]
ten_mS_Counter          0x2000'00cc     0x2  Data  Gb  stm32f3xx_it.o [3]
ten_mS_Flag             0x2000'0796     0x1  Data  Gb  stm32f3xx_it.o [3]
twentyfive_mS_Counter   0x2000'00ce     0x2  Data  Gb  stm32f3xx_it.o [3]
twentyfive_mS_Flag      0x2000'0797     0x1  Data  Gb  stm32f3xx_it.o [3]
twoHuundred_mS_Switch   0x2000'0790     0x1  Data  Gb  main.o [3]
two_S_Flag              0x2000'0791     0x1  Data  Gb  main.o [3]
uwTick                  0x2000'0788     0x4  Data  Gb  stm32f3xx_hal.o [5]
uwTickFreq              0x2000'00d4     0x1  Data  Gb  stm32f3xx_hal.o [5]
uwTickPrio              0x2000'0018     0x4  Data  Gb  stm32f3xx_hal.o [5]


[1] = C:\Users\charl\Documents\gitrepos\ELEN509\Final_F303\EWARM\Final_F303\Obj\Application\Display
[2] = C:\Users\charl\Documents\gitrepos\ELEN509\Final_F303\EWARM\Final_F303\Obj\Application\EWARM
[3] = C:\Users\charl\Documents\gitrepos\ELEN509\Final_F303\EWARM\Final_F303\Obj\Application\User\Core
[4] = C:\Users\charl\Documents\gitrepos\ELEN509\Final_F303\EWARM\Final_F303\Obj\Drivers\CMSIS
[5] = C:\Users\charl\Documents\gitrepos\ELEN509\Final_F303\EWARM\Final_F303\Obj\Drivers\STM32F3xx_HAL_Driver
[6] = dl7M_tlf.a
[7] = m7M_tls.a
[8] = rt7M_tl.a
[9] = shb_l.a

  25'505 bytes of readonly  code memory
  10'575 bytes of readonly  data memory
   2'969 bytes of readwrite data memory

Errors: none
Warnings: none
