###############################################################################
#
# IAR ELF Linker V9.10.1.308/W64 for ARM                  15/Jun/2021  06:23:37
# Copyright 2007-2021 IAR Systems AB.
#
#    Output file  =
#        C:\Users\charl\Documents\gitrepos\ELEN509\Final_F303\EWARM\Final_F303\Exe\Final_F303.out
#    Map file     =
#        C:\Users\charl\Documents\gitrepos\ELEN509\Final_F303\EWARM\Final_F303\List\Final_F303.map
#    Command line =
#        -f
#        C:\Users\charl\Documents\gitrepos\ELEN509\Final_F303\EWARM\Final_F303\Exe\Final_F303.out.rsp
#        (C:\Users\charl\Documents\gitrepos\ELEN509\Final_F303\EWARM\Final_F303\Obj\Application\User\Core\Buttons.o
#        C:\Users\charl\Documents\gitrepos\ELEN509\Final_F303\EWARM\Final_F303\Obj\Application\User\Core\Encoder.o
#        C:\Users\charl\Documents\gitrepos\ELEN509\Final_F303\EWARM\Final_F303\Obj\Application\Display\fonts.o
#        C:\Users\charl\Documents\gitrepos\ELEN509\Final_F303\EWARM\Final_F303\Obj\Application\User\Core\main.o
#        C:\Users\charl\Documents\gitrepos\ELEN509\Final_F303\EWARM\Final_F303\Obj\Application\User\Core\Serial.o
#        C:\Users\charl\Documents\gitrepos\ELEN509\Final_F303\EWARM\Final_F303\Obj\Application\Display\ssd1306.o
#        C:\Users\charl\Documents\gitrepos\ELEN509\Final_F303\EWARM\Final_F303\Obj\Application\EWARM\startup_stm32f303x8.o
#        C:\Users\charl\Documents\gitrepos\ELEN509\Final_F303\EWARM\Final_F303\Obj\Drivers\STM32F3xx_HAL_Driver\stm32f3xx_hal.o
#        C:\Users\charl\Documents\gitrepos\ELEN509\Final_F303\EWARM\Final_F303\Obj\Drivers\STM32F3xx_HAL_Driver\stm32f3xx_hal_adc.o
#        C:\Users\charl\Documents\gitrepos\ELEN509\Final_F303\EWARM\Final_F303\Obj\Drivers\STM32F3xx_HAL_Driver\stm32f3xx_hal_adc_ex.o
#        C:\Users\charl\Documents\gitrepos\ELEN509\Final_F303\EWARM\Final_F303\Obj\Drivers\STM32F3xx_HAL_Driver\stm32f3xx_hal_cortex.o
#        C:\Users\charl\Documents\gitrepos\ELEN509\Final_F303\EWARM\Final_F303\Obj\Drivers\STM32F3xx_HAL_Driver\stm32f3xx_hal_dma.o
#        C:\Users\charl\Documents\gitrepos\ELEN509\Final_F303\EWARM\Final_F303\Obj\Drivers\STM32F3xx_HAL_Driver\stm32f3xx_hal_exti.o
#        C:\Users\charl\Documents\gitrepos\ELEN509\Final_F303\EWARM\Final_F303\Obj\Drivers\STM32F3xx_HAL_Driver\stm32f3xx_hal_flash.o
#        C:\Users\charl\Documents\gitrepos\ELEN509\Final_F303\EWARM\Final_F303\Obj\Drivers\STM32F3xx_HAL_Driver\stm32f3xx_hal_flash_ex.o
#        C:\Users\charl\Documents\gitrepos\ELEN509\Final_F303\EWARM\Final_F303\Obj\Drivers\STM32F3xx_HAL_Driver\stm32f3xx_hal_gpio.o
#        C:\Users\charl\Documents\gitrepos\ELEN509\Final_F303\EWARM\Final_F303\Obj\Drivers\STM32F3xx_HAL_Driver\stm32f3xx_hal_i2c.o
#        C:\Users\charl\Documents\gitrepos\ELEN509\Final_F303\EWARM\Final_F303\Obj\Drivers\STM32F3xx_HAL_Driver\stm32f3xx_hal_i2c_ex.o
#        C:\Users\charl\Documents\gitrepos\ELEN509\Final_F303\EWARM\Final_F303\Obj\Application\User\Core\stm32f3xx_hal_msp.o
#        C:\Users\charl\Documents\gitrepos\ELEN509\Final_F303\EWARM\Final_F303\Obj\Drivers\STM32F3xx_HAL_Driver\stm32f3xx_hal_pwr.o
#        C:\Users\charl\Documents\gitrepos\ELEN509\Final_F303\EWARM\Final_F303\Obj\Drivers\STM32F3xx_HAL_Driver\stm32f3xx_hal_pwr_ex.o
#        C:\Users\charl\Documents\gitrepos\ELEN509\Final_F303\EWARM\Final_F303\Obj\Drivers\STM32F3xx_HAL_Driver\stm32f3xx_hal_rcc.o
#        C:\Users\charl\Documents\gitrepos\ELEN509\Final_F303\EWARM\Final_F303\Obj\Drivers\STM32F3xx_HAL_Driver\stm32f3xx_hal_rcc_ex.o
#        C:\Users\charl\Documents\gitrepos\ELEN509\Final_F303\EWARM\Final_F303\Obj\Drivers\STM32F3xx_HAL_Driver\stm32f3xx_hal_tim.o
#        C:\Users\charl\Documents\gitrepos\ELEN509\Final_F303\EWARM\Final_F303\Obj\Drivers\STM32F3xx_HAL_Driver\stm32f3xx_hal_tim_ex.o
#        C:\Users\charl\Documents\gitrepos\ELEN509\Final_F303\EWARM\Final_F303\Obj\Drivers\STM32F3xx_HAL_Driver\stm32f3xx_hal_uart.o
#        C:\Users\charl\Documents\gitrepos\ELEN509\Final_F303\EWARM\Final_F303\Obj\Drivers\STM32F3xx_HAL_Driver\stm32f3xx_hal_uart_ex.o
#        C:\Users\charl\Documents\gitrepos\ELEN509\Final_F303\EWARM\Final_F303\Obj\Application\User\Core\stm32f3xx_it.o
#        C:\Users\charl\Documents\gitrepos\ELEN509\Final_F303\EWARM\Final_F303\Obj\Drivers\CMSIS\system_stm32f3xx.o
#        C:\Users\charl\Documents\gitrepos\ELEN509\Final_F303\EWARM\Final_F303\Obj\Application\Display\ux_manager.o
#        --no_out_extension -o
#        C:\Users\charl\Documents\gitrepos\ELEN509\Final_F303\EWARM\Final_F303\Exe\Final_F303.out
#        --redirect _Printf=_PrintfFullNoMb --redirect _Scanf=_ScanfFullNoMb
#        --map
#        C:\Users\charl\Documents\gitrepos\ELEN509\Final_F303\EWARM\Final_F303\List\Final_F303.map
#        --config
#        C:\Users\charl\Documents\gitrepos\ELEN509\Final_F303\EWARM/stm32f303x8_flash.icf
#        --semihosting --entry __iar_program_start --vfe --text_out locale)
#
###############################################################################

*******************************************************************************
*** RUNTIME MODEL ATTRIBUTES
***

CppFlavor       = *
__SystemLibrary = DLib
__dlib_version  = 6


*******************************************************************************
*** HEAP SELECTION
***

The basic heap was selected because some modules are built with
size limitations (and not runtime checking), and --advanced_heap
was not specified.


*******************************************************************************
*** PLACEMENT SUMMARY
***

"A0":  place at address 0x800'0000 { ro section .intvec };
"P1":  place in [from 0x800'0000 to 0x800'ffff] { ro };
define block CSTACK with size = 1K, alignment = 8 { };
define block HEAP with size = 512, alignment = 8 { };
"P2":  place in [from 0x2000'0000 to 0x2000'2fff] {
          rw, block CSTACK, block HEAP };
initialize by copy { rw };

  Section            Kind         Address    Size  Object
  -------            ----         -------    ----  ------
"A0":                                       0x188
  .intvec            ro code   0x800'0000   0x188  startup_stm32f303x8.o [2]
                             - 0x800'0188   0x188

"P1":                                      0x7f9f
  .rodata            const     0x800'0188  0x134c  fonts.o [1]
  .text              ro code   0x800'14d4   0xf32  xprintffull_nomb.o [6]
  .text              ro code   0x800'2406    0x3a  packbits_init_single.o [8]
  .text              ro code   0x800'2440    0x16  strchr.o [8]
  .text              ro code   0x800'2456     0xa  xsprout.o [6]
  .text              ro code   0x800'2460    0x40  xfail_s.o [6]
  .text              ro code   0x800'24a0    0x36  strlen.o [8]
  .rodata            const     0x800'24d6     0x2  xlocale_c.o [6]
  .text              ro code   0x800'24d8    0x58  memchr.o [8]
  .text              ro code   0x800'2530    0xa6  ABImemcpy.o [8]
  .rodata            const     0x800'25d6     0x1  xlocale_c.o [6]
  .text              ro code   0x800'25d8    0x70  frexp.o [7]
  .text              ro code   0x800'2648    0x34  DblCmpLe.o [7]
  .text              ro code   0x800'267c    0x34  DblCmpGe.o [7]
  .text              ro code   0x800'26b0   0x13a  ldexp.o [7]
  .text              ro code   0x800'27ec    0x36  DblToS32.o [7]
  .text              ro code   0x800'2824    0x22  S32ToDbl.o [7]
  .text              ro code   0x800'2848   0x24e  DblAddSub.o [7]
  .text              ro code   0x800'2a98   0x246  DblDiv.o [7]
  .text              ro code   0x800'2ce0    0x22  DblToU32.o [7]
  .text              ro code   0x800'2d04    0x1c  U32ToDbl.o [7]
  .text              ro code   0x800'2d20   0x1aa  DblMul.o [7]
  .text              ro code   0x800'2ecc     0x8  xlocale_c.o [6]
  .text              ro code   0x800'2ed4   0x230  I64DivMod.o [8]
  .text              ro code   0x800'3104     0x6  abort.o [6]
  .text              ro code   0x800'310c     0x2  I64DivZer.o [8]
  .text              ro code   0x800'3110    0x14  exit.o [9]
  .rodata            const     0x800'3124   0xd5c  fonts.o [1]
  .text              ro code   0x800'3e80   0x896  stm32f3xx_hal_tim.o [5]
  .text              ro code   0x800'4718   0x2d8  stm32f3xx_hal_msp.o [3]
  .text              ro code   0x800'49f0     0x2  stm32f3xx_hal_tim.o [5]
  .text              ro code   0x800'49f2    0x14  memset.o [8]
  .text              ro code   0x800'4a08   0x1a4  stm32f3xx_hal_gpio.o [5]
  .text              ro code   0x800'4bac    0x66  ABImemset.o [8]
  .rodata            const     0x800'4c14   0x76c  fonts.o [1]
  .text              ro code   0x800'5380   0x768  stm32f3xx_hal_adc_ex.o [5]
  .text              ro code   0x800'5ae8     0xc  stm32f3xx_hal.o [5]
  .text              ro code   0x800'5af4   0x6f8  ssd1306.o [1]
  .text              ro code   0x800'61ec    0x3a  ABImemset48.o [8]
  .text              ro code   0x800'6228   0x414  stm32f3xx_hal_i2c.o [5]
  .text              ro code   0x800'663c   0x5f8  stm32f3xx_hal_rcc.o [5]
  .text              ro code   0x800'6c34    0x4c  stm32f3xx_hal.o [5]
  .text              ro code   0x800'6c80    0xec  stm32f3xx_hal_cortex.o [5]
  .text              ro code   0x800'6d6c   0x578  main.o [3]
  .text              ro code   0x800'72e4    0x28  stm32f3xx_hal.o [5]
  .text              ro code   0x800'730c    0xac  Encoder.o [3]
  .text              ro code   0x800'73b8    0x28  stm32f3xx_hal.o [5]
  .text              ro code   0x800'73e0   0x298  ux_manager.o [1]
  .text              ro code   0x800'7678    0x3e  Buttons.o [3]
  .text              ro code   0x800'76b8   0x140  stm32f3xx_hal_rcc_ex.o [5]
  .text              ro code   0x800'77f8    0xbe  stm32f3xx_hal_i2c_ex.o [5]
  .text              ro code   0x800'78b8    0x80  stm32f3xx_hal_tim_ex.o [5]
  .text              ro code   0x800'7938   0x3ce  stm32f3xx_hal_uart.o [5]
  .text              ro code   0x800'7d08    0x48  FltToDbl.o [7]
  .text              ro code   0x800'7d50    0x40  sprintf.o [6]
  .text              ro code   0x800'7d90    0xb4  stm32f3xx_it.o [3]
  .text              ro code   0x800'7e44    0x18  stm32f3xx_hal.o [5]
  .text              ro code   0x800'7e5c    0x38  zero_init3.o [8]
  .text              ro code   0x800'7e94    0x28  data_init.o [8]
  .text              ro code   0x800'7ebc    0x22  fpinit_M.o [7]
  .iar.init_table    const     0x800'7ee0    0x20  - Linker created -
  .text              ro code   0x800'7f00    0x1e  cmain.o [8]
  .text              ro code   0x800'7f1e     0x4  low_level_init.o [6]
  .text              ro code   0x800'7f22     0x4  exit.o [6]
  .text              ro code   0x800'7f28     0xa  cexit.o [8]
  .text              ro code   0x800'7f34    0x1c  cstartup_M.o [8]
  .text              ro code   0x800'7f50    0x14  system_stm32f3xx.o [4]
  .rodata            const     0x800'7f64    0x10  main.o [3]
  .rodata            const     0x800'7f74    0x10  stm32f3xx_hal_rcc.o [5]
  .rodata            const     0x800'7f84    0x10  stm32f3xx_hal_rcc.o [5]
  .rodata            const     0x800'7f94    0x10  system_stm32f3xx.o [4]
  .rodata            const     0x800'7fa4    0x10  ux_manager.o [1]
  .text              ro code   0x800'7fb4    0x10  startup_stm32f303x8.o [2]
  .rodata            const     0x800'7fc4     0x8  main.o [3]
  .rodata            const     0x800'7fcc     0x8  system_stm32f3xx.o [4]
  .text              ro code   0x800'7fd4     0x4  startup_stm32f303x8.o [2]
  .text              ro code   0x800'7fd8     0x4  startup_stm32f303x8.o [2]
  .text              ro code   0x800'7fdc     0x4  startup_stm32f303x8.o [2]
  .text              ro code   0x800'7fe0     0x4  startup_stm32f303x8.o [2]
  .text              ro code   0x800'7fe4     0x4  startup_stm32f303x8.o [2]
  .text              ro code   0x800'7fe8     0x4  startup_stm32f303x8.o [2]
  .text              ro code   0x800'7fec     0x4  startup_stm32f303x8.o [2]
  .text              ro code   0x800'7ff0     0x4  startup_stm32f303x8.o [2]
  .text              ro code   0x800'7ff4     0x4  startup_stm32f303x8.o [2]
  .text              ro code   0x800'7ff8     0x4  startup_stm32f303x8.o [2]
  .text              ro code   0x800'7ffc     0x4  startup_stm32f303x8.o [2]
  .text              ro code   0x800'8000     0x4  startup_stm32f303x8.o [2]
  .text              ro code   0x800'8004     0x4  startup_stm32f303x8.o [2]
  .text              ro code   0x800'8008     0x4  startup_stm32f303x8.o [2]
  .text              ro code   0x800'800c     0x4  startup_stm32f303x8.o [2]
  .text              ro code   0x800'8010     0x4  startup_stm32f303x8.o [2]
  .text              ro code   0x800'8014     0x4  startup_stm32f303x8.o [2]
  .text              ro code   0x800'8018     0x4  startup_stm32f303x8.o [2]
  .text              ro code   0x800'801c     0x4  startup_stm32f303x8.o [2]
  .text              ro code   0x800'8020     0x4  startup_stm32f303x8.o [2]
  .text              ro code   0x800'8024     0x4  startup_stm32f303x8.o [2]
  .text              ro code   0x800'8028     0x4  startup_stm32f303x8.o [2]
  .text              ro code   0x800'802c     0x4  startup_stm32f303x8.o [2]
  .text              ro code   0x800'8030     0x4  startup_stm32f303x8.o [2]
  .text              ro code   0x800'8034     0x4  startup_stm32f303x8.o [2]
  .text              ro code   0x800'8038     0x4  startup_stm32f303x8.o [2]
  .text              ro code   0x800'803c     0x4  startup_stm32f303x8.o [2]
  .text              ro code   0x800'8040     0x4  startup_stm32f303x8.o [2]
  .text              ro code   0x800'8044     0x4  startup_stm32f303x8.o [2]
  .text              ro code   0x800'8048     0x4  startup_stm32f303x8.o [2]
  .text              ro code   0x800'804c     0x4  startup_stm32f303x8.o [2]
  .text              ro code   0x800'8050     0x4  startup_stm32f303x8.o [2]
  .text              ro code   0x800'8054     0x4  startup_stm32f303x8.o [2]
  .text              ro code   0x800'8058     0x4  startup_stm32f303x8.o [2]
  .text              ro code   0x800'805c     0x4  startup_stm32f303x8.o [2]
  .text              ro code   0x800'8060     0x4  startup_stm32f303x8.o [2]
  .text              ro code   0x800'8064     0x4  startup_stm32f303x8.o [2]
  .text              ro code   0x800'8068     0x4  startup_stm32f303x8.o [2]
  .text              ro code   0x800'806c     0x4  startup_stm32f303x8.o [2]
  .text              ro code   0x800'8070     0x4  startup_stm32f303x8.o [2]
  .text              ro code   0x800'8074     0x4  startup_stm32f303x8.o [2]
  .text              ro code   0x800'8078     0x4  startup_stm32f303x8.o [2]
  .text              ro code   0x800'807c     0x4  startup_stm32f303x8.o [2]
  .rodata            const     0x800'8080     0x0  zero_init3.o [8]
  .rodata            const     0x800'8080     0x0  packbits_init_single.o [8]
  Initializer bytes  const     0x800'8080    0xa7  <for P2-1>
                             - 0x800'8127  0x7f9f

"P2", part 1 of 3:                           0xc5
  P2-1                        0x2000'0000    0xc5  <Init block>
    .data            inited   0x2000'0000     0x8  fonts.o [1]
    .data            inited   0x2000'0008     0x8  fonts.o [1]
    .data            inited   0x2000'0010     0x8  fonts.o [1]
    .data            inited   0x2000'0018     0x4  stm32f3xx_hal.o [5]
    .data            inited   0x2000'001c     0x4  system_stm32f3xx.o [4]
    .data            inited   0x2000'0020    0x18  ux_manager.o [1]
    .data            inited   0x2000'0038    0x4c  ux_manager.o [1]
    .data            inited   0x2000'0084    0x38  xlocale_c.o [6]
    .data            inited   0x2000'00bc     0x2  stm32f3xx_it.o [3]
    .data            inited   0x2000'00be     0x2  stm32f3xx_it.o [3]
    .data            inited   0x2000'00c0     0x2  stm32f3xx_it.o [3]
    .data            inited   0x2000'00c2     0x2  stm32f3xx_it.o [3]
    .data            inited   0x2000'00c4     0x1  stm32f3xx_hal.o [5]
                            - 0x2000'00c5    0xc5

"P2", part 2 of 3:                          0x630
  .bss               zero     0x2000'00c8   0x400  ssd1306.o [1]
  .bss               zero     0x2000'04c8    0x84  main.o [3]
  .bss               zero     0x2000'054c    0x50  main.o [3]
  .bss               zero     0x2000'059c    0x4c  main.o [3]
  .bss               zero     0x2000'05e8    0x4c  main.o [3]
  .bss               zero     0x2000'0634    0x4c  main.o [3]
  .bss               zero     0x2000'0680    0x4c  main.o [3]
  .bss               zero     0x2000'06cc    0x10  main.o [3]
  .bss               zero     0x2000'06dc     0x8  ssd1306.o [1]
  .bss               zero     0x2000'06e4     0x4  stm32f3xx_hal.o [5]
  .bss               zero     0x2000'06e8     0x4  xfail_s.o [6]
  .bss               zero     0x2000'06ec     0x1  main.o [3]
  .bss               zero     0x2000'06ed     0x1  main.o [3]
  .bss               zero     0x2000'06ee     0x1  main.o [3]
  .bss               zero     0x2000'06ef     0x1  main.o [3]
  .bss               zero     0x2000'06f0     0x1  stm32f3xx_it.o [3]
  .bss               zero     0x2000'06f1     0x1  stm32f3xx_it.o [3]
  .bss               zero     0x2000'06f2     0x1  stm32f3xx_it.o [3]
  .bss               zero     0x2000'06f3     0x1  stm32f3xx_it.o [3]
  .bss               zero     0x2000'06f4     0x1  ux_manager.o [1]
  .bss               zero     0x2000'06f5     0x1  ux_manager.o [1]
                            - 0x2000'06f6   0x62e

"P2", part 3 of 3:                          0x400
  CSTACK                      0x2000'06f8   0x400  <Block>
    CSTACK           uninit   0x2000'06f8   0x400  <Block tail>
                            - 0x2000'0af8   0x400

Unused ranges:

         From           To    Size
         ----           --    ----
   0x800'8127   0x800'ffff  0x7ed9
  0x2000'00c5  0x2000'00c7     0x3
  0x2000'0af8  0x2000'2fff  0x2508


*******************************************************************************
*** INIT TABLE
***

          Address      Size
          -------      ----
Zero (__iar_zero_init3)
    1 destination range, total size 0x62e:
          0x2000'00c8  0x62e

Copy/packbits (__iar_packbits_init_single3)
    1 source range, total size 0xa7 (84% of destination):
           0x800'8080   0xa7
    1 destination range, total size 0xc5:
          0x2000'0000   0xc5



*******************************************************************************
*** MODULE SUMMARY
***

    Module                  ro code  ro data  rw data
    ------                  -------  -------  -------
command line/config:
    -------------------------------------------------
    Total:

C:\Users\charl\Documents\gitrepos\ELEN509\Final_F303\EWARM\Final_F303\Obj\Application\Display: [1]
    fonts.o                           10'280       24
    ssd1306.o                 1'784             1'032
    ux_manager.o                664      100      102
    -------------------------------------------------
    Total:                    2'448   10'380    1'158

C:\Users\charl\Documents\gitrepos\ELEN509\Final_F303\EWARM\Final_F303\Obj\Application\EWARM: [2]
    startup_stm32f303x8.o       580
    -------------------------------------------------
    Total:                      580

C:\Users\charl\Documents\gitrepos\ELEN509\Final_F303\EWARM\Final_F303\Obj\Application\User\Core: [3]
    Buttons.o                    62
    Encoder.o                   172
    main.o                    1'400       24      536
    stm32f3xx_hal_msp.o         728
    stm32f3xx_it.o              180        7       12
    -------------------------------------------------
    Total:                    2'542       31      548

C:\Users\charl\Documents\gitrepos\ELEN509\Final_F303\EWARM\Final_F303\Obj\Drivers\CMSIS: [4]
    system_stm32f3xx.o           20       28        4
    -------------------------------------------------
    Total:                       20       28        4

C:\Users\charl\Documents\gitrepos\ELEN509\Final_F303\EWARM\Final_F303\Obj\Drivers\STM32F3xx_HAL_Driver: [5]
    stm32f3xx_hal.o             192        4        9
    stm32f3xx_hal_adc_ex.o    1'896
    stm32f3xx_hal_cortex.o      236
    stm32f3xx_hal_gpio.o        420
    stm32f3xx_hal_i2c.o       1'044
    stm32f3xx_hal_i2c_ex.o      190
    stm32f3xx_hal_rcc.o       1'528       32
    stm32f3xx_hal_rcc_ex.o      320
    stm32f3xx_hal_tim.o       2'200
    stm32f3xx_hal_tim_ex.o      128
    stm32f3xx_hal_uart.o        974
    -------------------------------------------------
    Total:                    9'128       36        9

dl7M_tlf.a: [6]
    abort.o                       6
    exit.o                        4
    low_level_init.o              4
    sprintf.o                    64
    xfail_s.o                    64                 4
    xlocale_c.o                   8       51       56
    xprintffull_nomb.o        3'890
    xsprout.o                    10
    -------------------------------------------------
    Total:                    4'050       51       60

m7M_tls.a: [7]
    DblAddSub.o                 590
    DblCmpGe.o                   52
    DblCmpLe.o                   52
    DblDiv.o                    582
    DblMul.o                    426
    DblToS32.o                   54
    DblToU32.o                   34
    FltToDbl.o                   72
    S32ToDbl.o                   34
    U32ToDbl.o                   28
    fpinit_M.o                   34
    frexp.o                     112
    ldexp.o                     314
    -------------------------------------------------
    Total:                    2'384

rt7M_tl.a: [8]
    ABImemcpy.o                 166
    ABImemset.o                 102
    ABImemset48.o                58
    I64DivMod.o                 560
    I64DivZer.o                   2
    cexit.o                      10
    cmain.o                      30
    cstartup_M.o                 28
    data_init.o                  40
    memchr.o                     88
    memset.o                     20
    packbits_init_single.o       58
    strchr.o                     22
    strlen.o                     54
    zero_init3.o                 56
    -------------------------------------------------
    Total:                    1'294

shb_l.a: [9]
    exit.o                       20
    -------------------------------------------------
    Total:                       20

    Gaps                         35        4
    Linker created                        32    1'024
-----------------------------------------------------
    Grand Total:             22'501   10'562    2'803


*******************************************************************************
*** ENTRY LIST
***

Entry                       Address    Size  Type      Object
-----                       -------    ----  ----      ------
.iar.init_table$$Base    0x800'7ee0           --   Gb  - Linker created -
.iar.init_table$$Limit   0x800'7f00           --   Gb  - Linker created -
?main                    0x800'7f01          Code  Gb  cmain.o [8]
ADC_Disable              0x800'5a4f    0x82  Code  Lc  stm32f3xx_hal_adc_ex.o [5]
AHBPrescTable            0x800'7f94    0x10  Data  Gb  system_stm32f3xx.o [4]
APBPrescTable            0x800'7fcc     0x8  Data  Gb  system_stm32f3xx.o [4]
BusFault_Handler         0x800'7d97     0x2  Code  Gb  stm32f3xx_it.o [3]
CSTACK$$Base            0x2000'06f8           --   Gb  - Linker created -
CSTACK$$Limit           0x2000'0af8           --   Gb  - Linker created -
DebugMon_Handler         0x800'7d9d     0x2  Code  Gb  stm32f3xx_it.o [3]
ENC_Init                 0x800'730d    0x22  Code  Gb  Encoder.o [3]
ENC_Update               0x800'732f    0x84  Code  Gb  Encoder.o [3]
Error_Handler            0x800'72e1     0x4  Code  Gb  main.o [3]
Font11x18                0x800'3124   0xd5c  Data  Gb  fonts.o [1]
Font16x26                0x800'0188  0x134c  Data  Gb  fonts.o [1]
Font7x10                 0x800'4c14   0x76c  Data  Gb  fonts.o [1]
Font_11x18              0x2000'0008     0x8  Data  Gb  fonts.o [1]
Font_16x26              0x2000'0010     0x8  Data  Gb  fonts.o [1]
Font_7x10               0x2000'0000     0x8  Data  Gb  fonts.o [1]
HAL_ADCEx_MultiModeConfigChannel
                         0x800'594d   0x102  Code  Gb  stm32f3xx_hal_adc_ex.o [5]
HAL_ADC_ConfigChannel    0x800'55a9   0x39c  Code  Gb  stm32f3xx_hal_adc_ex.o [5]
HAL_ADC_Init             0x800'5381   0x20e  Code  Gb  stm32f3xx_hal_adc_ex.o [5]
HAL_ADC_MspInit          0x800'4757    0x60  Code  Gb  stm32f3xx_hal_msp.o [3]
HAL_Delay                0x800'73b9    0x28  Code  Gb  stm32f3xx_hal.o [5]
HAL_GPIO_Init            0x800'4a09   0x170  Code  Gb  stm32f3xx_hal_gpio.o [5]
HAL_GPIO_ReadPin         0x800'4b79    0x10  Code  Gb  stm32f3xx_hal_gpio.o [5]
HAL_GetTick              0x800'5ae9     0xc  Code  Gb  stm32f3xx_hal.o [5]
HAL_I2CEx_ConfigAnalogFilter
                         0x800'77f9    0x62  Code  Gb  stm32f3xx_hal_i2c_ex.o [5]
HAL_I2CEx_ConfigDigitalFilter
                         0x800'785b    0x5c  Code  Gb  stm32f3xx_hal_i2c_ex.o [5]
HAL_I2C_Init             0x800'6229    0xc4  Code  Gb  stm32f3xx_hal_i2c.o [5]
HAL_I2C_Master_Transmit
                         0x800'62ed   0x166  Code  Gb  stm32f3xx_hal_i2c.o [5]
HAL_I2C_MspInit          0x800'47b7    0x68  Code  Gb  stm32f3xx_hal_msp.o [3]
HAL_IncTick              0x800'7e45    0x18  Code  Gb  stm32f3xx_hal.o [5]
HAL_Init                 0x800'72e5    0x22  Code  Gb  stm32f3xx_hal.o [5]
HAL_InitTick             0x800'6c35    0x4c  Code  Gb  stm32f3xx_hal.o [5]
HAL_MspInit              0x800'4719    0x3e  Code  Gb  stm32f3xx_hal_msp.o [3]
HAL_NVIC_SetPriority     0x800'6d31    0x1e  Code  Gb  stm32f3xx_hal_cortex.o [5]
HAL_NVIC_SetPriorityGrouping
                         0x800'6d2f     0x2  Code  Gb  stm32f3xx_hal_cortex.o [5]
HAL_RCCEx_PeriphCLKConfig
                         0x800'76b9   0x126  Code  Gb  stm32f3xx_hal_rcc_ex.o [5]
HAL_RCC_ClockConfig      0x800'6a5b   0x124  Code  Gb  stm32f3xx_hal_rcc.o [5]
HAL_RCC_GetHCLKFreq      0x800'6bb7     0x6  Code  Gb  stm32f3xx_hal_rcc.o [5]
HAL_RCC_GetPCLK1Freq     0x800'6bbd    0x16  Code  Gb  stm32f3xx_hal_rcc.o [5]
HAL_RCC_GetPCLK2Freq     0x800'6bd3    0x16  Code  Gb  stm32f3xx_hal_rcc.o [5]
HAL_RCC_GetSysClockFreq
                         0x800'6b7f    0x38  Code  Gb  stm32f3xx_hal_rcc.o [5]
HAL_RCC_OscConfig        0x800'663d   0x41e  Code  Gb  stm32f3xx_hal_rcc.o [5]
HAL_SYSTICK_Config       0x800'6d4f     0x2  Code  Gb  stm32f3xx_hal_cortex.o [5]
HAL_TIMEx_MasterConfigSynchronization
                         0x800'78b9    0x72  Code  Gb  stm32f3xx_hal_tim_ex.o [5]
HAL_TIM_Base_Init        0x800'3e81    0x62  Code  Gb  stm32f3xx_hal_tim.o [5]
HAL_TIM_Base_MspInit     0x800'48ef    0x26  Code  Gb  stm32f3xx_hal_msp.o [3]
HAL_TIM_Encoder_Init     0x800'3fa7    0xae  Code  Gb  stm32f3xx_hal_tim.o [5]
HAL_TIM_Encoder_MspInit
                         0x800'49f1     0x2  Code  Gb  stm32f3xx_hal_tim.o [5]
HAL_TIM_Encoder_Start    0x800'4055    0xb0  Code  Gb  stm32f3xx_hal_tim.o [5]
HAL_TIM_IC_ConfigChannel
                         0x800'410d    0xbe  Code  Gb  stm32f3xx_hal_tim.o [5]
HAL_TIM_IC_Init          0x800'3f45    0x62  Code  Gb  stm32f3xx_hal_tim.o [5]
HAL_TIM_IC_MspInit       0x800'481f    0x6a  Code  Gb  stm32f3xx_hal_msp.o [3]
HAL_TIM_MspPostInit      0x800'4915    0x4e  Code  Gb  stm32f3xx_hal_msp.o [3]
HAL_TIM_PWM_ConfigChannel
                         0x800'41cb   0x146  Code  Gb  stm32f3xx_hal_tim.o [5]
HAL_TIM_PWM_Init         0x800'3ee3    0x62  Code  Gb  stm32f3xx_hal_tim.o [5]
HAL_TIM_PWM_MspInit      0x800'4889    0x66  Code  Gb  stm32f3xx_hal_msp.o [3]
HAL_UART_Init            0x800'7939    0x70  Code  Gb  stm32f3xx_hal_uart.o [5]
HAL_UART_MspInit         0x800'4963    0x6a  Code  Gb  stm32f3xx_hal_msp.o [3]
HardFault_Handler        0x800'7d93     0x2  Code  Gb  stm32f3xx_it.o [3]
I2C_Flush_TXDR           0x800'645d    0x24  Code  Lc  stm32f3xx_hal_i2c.o [5]
I2C_IsAcknowledgeFailed
                         0x800'6587    0x86  Code  Lc  stm32f3xx_hal_i2c.o [5]
I2C_TransferConfig       0x800'660d    0x26  Code  Lc  stm32f3xx_hal_i2c.o [5]
I2C_WaitOnFlagUntilTimeout
                         0x800'6481    0x5e  Code  Lc  stm32f3xx_hal_i2c.o [5]
I2C_WaitOnSTOPFlagUntilTimeout
                         0x800'6535    0x52  Code  Lc  stm32f3xx_hal_i2c.o [5]
I2C_WaitOnTXISFlagUntilTimeout
                         0x800'64df    0x56  Code  Lc  stm32f3xx_hal_i2c.o [5]
MX_ADC1_Init             0x800'6f55    0x92  Code  Lc  main.o [3]
MX_GPIO_Init             0x800'71e5    0x98  Code  Lc  main.o [3]
MX_I2C1_Init             0x800'6fe7    0x52  Code  Lc  main.o [3]
MX_TIM16_Init            0x800'7181    0x2e  Code  Lc  main.o [3]
MX_TIM1_Init             0x800'7039    0x7c  Code  Lc  main.o [3]
MX_TIM3_Init             0x800'70b5    0xcc  Code  Lc  main.o [3]
MX_USART2_UART_Init      0x800'71af    0x36  Code  Lc  main.o [3]
MemManage_Handler        0x800'7d95     0x2  Code  Gb  stm32f3xx_it.o [3]
NMI_Handler              0x800'7d91     0x2  Code  Gb  stm32f3xx_it.o [3]
NVIC_EncodePriority      0x800'6cc3    0x38  Code  Lc  stm32f3xx_hal_cortex.o [5]
PendSV_Handler           0x800'7d9f     0x2  Code  Gb  stm32f3xx_it.o [3]
ProcessKeyCodeInContext
                         0x800'742d    0xce  Code  Gb  ux_manager.o [1]
Region$$Table$$Base      0x800'7ee0           --   Gb  - Linker created -
Region$$Table$$Limit     0x800'7f00           --   Gb  - Linker created -
SSD1306                 0x2000'06dc     0x8  Data  Lc  ssd1306.o [1]
SSD1306_Buffer          0x2000'00c8   0x400  Data  Lc  ssd1306.o [1]
SSD1306_Clear            0x800'617f     0xe  Code  Gb  ssd1306.o [1]
SSD1306_DrawCircle       0x800'5f6b   0x104  Code  Gb  ssd1306.o [1]
SSD1306_DrawFilledCircle
                         0x800'606f   0x110  Code  Gb  ssd1306.o [1]
SSD1306_DrawLine         0x800'5dff   0x16c  Code  Gb  ssd1306.o [1]
SSD1306_DrawPixel        0x800'5c9d    0x86  Code  Gb  ssd1306.o [1]
SSD1306_Fill             0x800'5c87    0x16  Code  Gb  ssd1306.o [1]
SSD1306_GotoXY           0x800'5d23     0xc  Code  Gb  ssd1306.o [1]
SSD1306_Init             0x800'5af5   0x148  Code  Gb  ssd1306.o [1]
SSD1306_Putc             0x800'5d2f    0xac  Code  Gb  ssd1306.o [1]
SSD1306_Puts             0x800'5ddb    0x24  Code  Gb  ssd1306.o [1]
SSD1306_UpdateScreen     0x800'5c3d    0x4a  Code  Gb  ssd1306.o [1]
SVC_Handler              0x800'7d9b     0x2  Code  Gb  stm32f3xx_it.o [3]
ShowGraph                0x800'754b   0x10a  Code  Gb  ux_manager.o [1]
SwitchScreens            0x800'73e1    0x4c  Code  Gb  ux_manager.o [1]
SysTick_Config           0x800'6cfb    0x34  Code  Lc  stm32f3xx_hal_cortex.o [5]
SysTick_Handler          0x800'7da1    0x82  Code  Gb  stm32f3xx_it.o [3]
SystemClock_Config       0x800'6ebf    0x96  Code  Gb  main.o [3]
SystemCoreClock         0x2000'001c     0x4  Data  Gb  system_stm32f3xx.o [4]
SystemInit               0x800'7f51     0xe  Code  Gb  system_stm32f3xx.o [4]
TIM_Base_SetConfig       0x800'4315    0x92  Code  Gb  stm32f3xx_hal_tim.o [5]
TIM_CCxChannelCmd        0x800'46f5    0x22  Code  Gb  stm32f3xx_hal_tim.o [5]
TIM_OC1_SetConfig        0x800'43a7    0x80  Code  Lc  stm32f3xx_hal_tim.o [5]
TIM_OC2_SetConfig        0x800'4427    0x68  Code  Gb  stm32f3xx_hal_tim.o [5]
TIM_OC3_SetConfig        0x800'448f    0x66  Code  Lc  stm32f3xx_hal_tim.o [5]
TIM_OC4_SetConfig        0x800'44f7    0x54  Code  Lc  stm32f3xx_hal_tim.o [5]
TIM_OC5_SetConfig        0x800'454b    0x52  Code  Lc  stm32f3xx_hal_tim.o [5]
TIM_OC6_SetConfig        0x800'459f    0x54  Code  Lc  stm32f3xx_hal_tim.o [5]
TIM_TI1_SetConfig        0x800'45f3    0x54  Code  Gb  stm32f3xx_hal_tim.o [5]
TIM_TI2_SetConfig        0x800'466d    0x2e  Code  Lc  stm32f3xx_hal_tim.o [5]
TIM_TI3_SetConfig        0x800'469b    0x2c  Code  Lc  stm32f3xx_hal_tim.o [5]
TIM_TI4_SetConfig        0x800'46c7    0x2e  Code  Lc  stm32f3xx_hal_tim.o [5]
UART_AdvFeatureConfig    0x800'7b1d    0xda  Code  Gb  stm32f3xx_hal_uart.o [5]
UART_CheckIdleState      0x800'7bf7    0x64  Code  Gb  stm32f3xx_hal_uart.o [5]
UART_SetConfig           0x800'79a9   0x15a  Code  Gb  stm32f3xx_hal_uart.o [5]
UART_WaitOnFlagUntilTimeout
                         0x800'7c5b    0xac  Code  Gb  stm32f3xx_hal_uart.o [5]
UpdateScreenValues       0x800'74fb    0x50  Code  Gb  ux_manager.o [1]
UsageFault_Handler       0x800'7d99     0x2  Code  Gb  stm32f3xx_it.o [3]
_LitobFullNoMb           0x800'220d   0x10c  Code  Lc  xprintffull_nomb.o [6]
_Locale_lconv           0x2000'0084    0x38  Data  Lc  xlocale_c.o [6]
_PrintfFullNoMb          0x800'14d5   0xd08  Code  Gb  xprintffull_nomb.o [6]
_PutcharFullNoMb         0x800'2371    0x20  Code  Lc  xprintffull_nomb.o [6]
_PutcharsFullNoMb        0x800'2391    0x2e  Code  Lc  xprintffull_nomb.o [6]
_SProut                  0x800'2457     0xa  Code  Gb  xsprout.o [6]
__NVIC_GetPriorityGrouping
                         0x800'6c9d     0xa  Code  Lc  stm32f3xx_hal_cortex.o [5]
__NVIC_SetPriority       0x800'6ca7    0x1c  Code  Lc  stm32f3xx_hal_cortex.o [5]
__NVIC_SetPriorityGrouping
                         0x800'6c81    0x1c  Code  Lc  stm32f3xx_hal_cortex.o [5]
__aeabi_cdcmple          0x800'2649          Code  Gb  DblCmpLe.o [7]
__aeabi_cdrcmple         0x800'267d          Code  Gb  DblCmpGe.o [7]
__aeabi_d2iz             0x800'27ed          Code  Gb  DblToS32.o [7]
__aeabi_d2uiz            0x800'2ce1          Code  Gb  DblToU32.o [7]
__aeabi_ddiv             0x800'2a99          Code  Gb  DblDiv.o [7]
__aeabi_dmul             0x800'2d21          Code  Gb  DblMul.o [7]
__aeabi_dsub             0x800'29b5          Code  Gb  DblAddSub.o [7]
__aeabi_f2d              0x800'7d09          Code  Gb  FltToDbl.o [7]
__aeabi_i2d              0x800'2825          Code  Gb  S32ToDbl.o [7]
__aeabi_ldiv0            0x800'310d          Code  Gb  I64DivZer.o [8]
__aeabi_memcpy           0x800'2531          Code  Gb  ABImemcpy.o [8]
__aeabi_memcpy4          0x800'2551          Code  Gb  ABImemcpy.o [8]
__aeabi_memcpy8          0x800'2551          Code  Gb  ABImemcpy.o [8]
__aeabi_memset           0x800'4bad          Code  Gb  ABImemset.o [8]
__aeabi_memset4          0x800'61ed          Code  Gb  ABImemset48.o [8]
__aeabi_memset8          0x800'61ed          Code  Gb  ABImemset48.o [8]
__aeabi_ui2d             0x800'2d05          Code  Gb  U32ToDbl.o [7]
__aeabi_uldivmod         0x800'2ed5          Code  Gb  I64DivMod.o [8]
__cmain                  0x800'7f01          Code  Gb  cmain.o [8]
__exit                   0x800'3111    0x14  Code  Gb  exit.o [9]
__iar_Fail_s             0x800'2461    0x1c  Code  Gb  xfail_s.o [6]
__iar_Memchr             0x800'24d9          Code  Gb  memchr.o [8]
__iar_Memset             0x800'4bad          Code  Gb  ABImemset.o [8]
__iar_Memset4_word       0x800'61f5          Code  Gb  ABImemset48.o [8]
__iar_Memset8_word       0x800'61f5          Code  Gb  ABImemset48.o [8]
__iar_Memset_word        0x800'4bb5          Code  Gb  ABImemset.o [8]
__iar_Strchr             0x800'2441          Code  Gb  strchr.o [8]
__iar_data_init3         0x800'7e95    0x28  Code  Gb  data_init.o [8]
__iar_frexp              0x800'25e5          Code  Gb  frexp.o [7]
__iar_frexpl             0x800'25e5          Code  Gb  frexp.o [7]
__iar_init_vfp           0x800'7ebd          Code  Gb  fpinit_M.o [7]
__iar_ldexp64            0x800'26b1          Code  Gb  ldexp.o [7]
__iar_packbits_init_single3
                         0x800'2407    0x3a  Code  Gb  packbits_init_single.o [8]
__iar_program_start      0x800'7f35          Code  Gb  cstartup_M.o [8]
__iar_scalbln64          0x800'26b1          Code  Gb  ldexp.o [7]
__iar_scalbn64           0x800'26b1          Code  Gb  ldexp.o [7]
__iar_softfp___iar_frexp64
                         0x800'25d9          Code  Gb  frexp.o [7]
__iar_softfp_frexp       0x800'25d9          Code  Gb  frexp.o [7]
__iar_softfp_frexpl      0x800'25d9          Code  Gb  frexp.o [7]
__iar_zero_init3         0x800'7e5d    0x38  Code  Gb  zero_init3.o [8]
__low_level_init         0x800'7f1f     0x4  Code  Gb  low_level_init.o [6]
__vector_table           0x800'0000          Data  Gb  startup_stm32f303x8.o [2]
_call_main               0x800'7f0d          Code  Gb  cmain.o [8]
_exit                    0x800'7f29          Code  Gb  cexit.o [8]
aPLLMULFactorTable       0x800'7f74    0x10  Data  Gb  stm32f3xx_hal_rcc.o [5]
aPredivFactorTable       0x800'7f84    0x10  Data  Gb  stm32f3xx_hal_rcc.o [5]
abort                    0x800'3105     0x6  Code  Gb  abort.o [6]
buttonDebounced         0x2000'06ed     0x1  Data  Gb  main.o [3]
buttonProcessed         0x2000'06ee     0x1  Data  Gb  main.o [3]
currKeyCode             0x2000'06ef     0x1  Data  Gb  main.o [3]
currentScreen           0x2000'06f4     0x1  Data  Gb  ux_manager.o [1]
encoder                 0x2000'06cc    0x10  Data  Gb  main.o [3]
exit                     0x800'7f23     0x4  Code  Gb  exit.o [6]
getKeyCode               0x800'7679    0x3e  Code  Gb  Buttons.o [3]
hadc1                   0x2000'054c    0x50  Data  Gb  main.o [3]
hi2c1                   0x2000'059c    0x4c  Data  Gb  main.o [3]
htim1                   0x2000'05e8    0x4c  Data  Gb  main.o [3]
htim16                  0x2000'0680    0x4c  Data  Gb  main.o [3]
htim3                   0x2000'0634    0x4c  Data  Gb  main.o [3]
huart2                  0x2000'04c8    0x84  Data  Gb  main.o [3]
hundred_mS_Counter      0x2000'00c0     0x2  Data  Gb  stm32f3xx_it.o [3]
hundred_mS_Flag         0x2000'06f2     0x1  Data  Gb  stm32f3xx_it.o [3]
lastScreen              0x2000'06f5     0x1  Data  Gb  ux_manager.o [1]
ldexp                    0x800'26b1          Code  Gb  ldexp.o [7]
ldexpl                   0x800'26b1          Code  Gb  ldexp.o [7]
localeconv               0x800'2ecd     0x4  Code  Gb  xlocale_c.o [6]
main                     0x800'6d6d   0x152  Code  Gb  main.o [3]
memchr                   0x800'24d9          Code  Gb  memchr.o [8]
memset                   0x800'49f3    0x14  Code  Gb  memset.o [8]
moisture                0x2000'0020    0x18  Data  Gb  ux_manager.o [1]
moisturePlan            0x2000'0038    0x4c  Data  Gb  ux_manager.o [1]
one_S_Counter           0x2000'00c2     0x2  Data  Gb  stm32f3xx_it.o [3]
one_S_Flag              0x2000'06f3     0x1  Data  Gb  stm32f3xx_it.o [3]
scalbln                  0x800'26b1          Code  Gb  ldexp.o [7]
scalblnl                 0x800'26b1          Code  Gb  ldexp.o [7]
scalbn                   0x800'26b1          Code  Gb  ldexp.o [7]
scalbnl                  0x800'26b1          Code  Gb  ldexp.o [7]
scale                    0x800'2319    0x46  Code  Lc  xprintffull_nomb.o [6]
sec_hand                0x2000'06e8     0x4  Data  Lc  xfail_s.o [6]
sprintf                  0x800'7d51    0x40  Code  Gb  sprintf.o [6]
ssd1306_I2C_Write        0x800'61c3    0x1c  Code  Gb  ssd1306.o [1]
ssd1306_I2C_WriteMulti   0x800'618d    0x36  Code  Gb  ssd1306.o [1]
strchr                   0x800'2441          Code  Gb  strchr.o [8]
strlen                   0x800'24a1          Code  Gb  strlen.o [8]
ten_mS_Counter          0x2000'00bc     0x2  Data  Gb  stm32f3xx_it.o [3]
ten_mS_Flag             0x2000'06f0     0x1  Data  Gb  stm32f3xx_it.o [3]
twentyfive_mS_Counter   0x2000'00be     0x2  Data  Gb  stm32f3xx_it.o [3]
twentyfive_mS_Flag      0x2000'06f1     0x1  Data  Gb  stm32f3xx_it.o [3]
twoHuundred_mS_Switch   0x2000'06ec     0x1  Data  Gb  main.o [3]
uwTick                  0x2000'06e4     0x4  Data  Gb  stm32f3xx_hal.o [5]
uwTickFreq              0x2000'00c4     0x1  Data  Gb  stm32f3xx_hal.o [5]
uwTickPrio              0x2000'0018     0x4  Data  Gb  stm32f3xx_hal.o [5]


[1] = C:\Users\charl\Documents\gitrepos\ELEN509\Final_F303\EWARM\Final_F303\Obj\Application\Display
[2] = C:\Users\charl\Documents\gitrepos\ELEN509\Final_F303\EWARM\Final_F303\Obj\Application\EWARM
[3] = C:\Users\charl\Documents\gitrepos\ELEN509\Final_F303\EWARM\Final_F303\Obj\Application\User\Core
[4] = C:\Users\charl\Documents\gitrepos\ELEN509\Final_F303\EWARM\Final_F303\Obj\Drivers\CMSIS
[5] = C:\Users\charl\Documents\gitrepos\ELEN509\Final_F303\EWARM\Final_F303\Obj\Drivers\STM32F3xx_HAL_Driver
[6] = dl7M_tlf.a
[7] = m7M_tls.a
[8] = rt7M_tl.a
[9] = shb_l.a

  22'501 bytes of readonly  code memory
  10'562 bytes of readonly  data memory
   2'803 bytes of readwrite data memory

Errors: none
Warnings: none
